Archive member included to satisfy reference by file (symbol)

/usr/lib/gcc/arm-none-eabi/13.2.1/../../../arm-none-eabi/lib/thumb/v7e-m+fp/hard/libc_nano.a(libc_a-init.o)
                              /usr/lib/gcc/arm-none-eabi/13.2.1/../../../arm-none-eabi/lib/thumb/v7e-m+fp/hard/crt0.o (__libc_init_array)
/usr/lib/gcc/arm-none-eabi/13.2.1/../../../arm-none-eabi/lib/thumb/v7e-m+fp/hard/libc_nano.a(libc_a-memset.o)
                              /usr/lib/gcc/arm-none-eabi/13.2.1/../../../arm-none-eabi/lib/thumb/v7e-m+fp/hard/crt0.o (memset)
/usr/lib/gcc/arm-none-eabi/13.2.1/../../../arm-none-eabi/lib/thumb/v7e-m+fp/hard/libc_nano.a(libc_a-exit.o)
                              /usr/lib/gcc/arm-none-eabi/13.2.1/../../../arm-none-eabi/lib/thumb/v7e-m+fp/hard/crt0.o (exit)
/usr/lib/gcc/arm-none-eabi/13.2.1/../../../arm-none-eabi/lib/thumb/v7e-m+fp/hard/libc_nano.a(libc_a-atexit.o)
                              /usr/lib/gcc/arm-none-eabi/13.2.1/../../../arm-none-eabi/lib/thumb/v7e-m+fp/hard/crt0.o (atexit)
/usr/lib/gcc/arm-none-eabi/13.2.1/../../../arm-none-eabi/lib/thumb/v7e-m+fp/hard/libc_nano.a(libc_a-fini.o)
                              /usr/lib/gcc/arm-none-eabi/13.2.1/../../../arm-none-eabi/lib/thumb/v7e-m+fp/hard/crt0.o (__libc_fini_array)
/usr/lib/gcc/arm-none-eabi/13.2.1/../../../arm-none-eabi/lib/thumb/v7e-m+fp/hard/libc_nano.a(libc_a-findfp.o)
                              /usr/lib/gcc/arm-none-eabi/13.2.1/../../../arm-none-eabi/lib/thumb/v7e-m+fp/hard/libc_nano.a(libc_a-exit.o) (__stdio_exit_handler)
/usr/lib/gcc/arm-none-eabi/13.2.1/../../../arm-none-eabi/lib/thumb/v7e-m+fp/hard/libc_nano.a(libc_a-fflush.o)
                              /usr/lib/gcc/arm-none-eabi/13.2.1/../../../arm-none-eabi/lib/thumb/v7e-m+fp/hard/libc_nano.a(libc_a-findfp.o) (_fflush_r)
/usr/lib/gcc/arm-none-eabi/13.2.1/../../../arm-none-eabi/lib/thumb/v7e-m+fp/hard/libc_nano.a(libc_a-mallocr.o)
                              /usr/lib/gcc/arm-none-eabi/13.2.1/../../../arm-none-eabi/lib/thumb/v7e-m+fp/hard/libc_nano.a(libc_a-findfp.o) (_malloc_r)
/usr/lib/gcc/arm-none-eabi/13.2.1/../../../arm-none-eabi/lib/thumb/v7e-m+fp/hard/libc_nano.a(libc_a-freer.o)
                              /usr/lib/gcc/arm-none-eabi/13.2.1/../../../arm-none-eabi/lib/thumb/v7e-m+fp/hard/libc_nano.a(libc_a-fflush.o) (_free_r)
/usr/lib/gcc/arm-none-eabi/13.2.1/../../../arm-none-eabi/lib/thumb/v7e-m+fp/hard/libc_nano.a(libc_a-fwalk.o)
                              /usr/lib/gcc/arm-none-eabi/13.2.1/../../../arm-none-eabi/lib/thumb/v7e-m+fp/hard/libc_nano.a(libc_a-findfp.o) (_fwalk_sglue)
/usr/lib/gcc/arm-none-eabi/13.2.1/../../../arm-none-eabi/lib/thumb/v7e-m+fp/hard/libc_nano.a(libc_a-__atexit.o)
                              /usr/lib/gcc/arm-none-eabi/13.2.1/../../../arm-none-eabi/lib/thumb/v7e-m+fp/hard/libc_nano.a(libc_a-atexit.o) (__register_exitproc)
/usr/lib/gcc/arm-none-eabi/13.2.1/../../../arm-none-eabi/lib/thumb/v7e-m+fp/hard/libc_nano.a(libc_a-mlock.o)
                              /usr/lib/gcc/arm-none-eabi/13.2.1/../../../arm-none-eabi/lib/thumb/v7e-m+fp/hard/libc_nano.a(libc_a-mallocr.o) (__malloc_lock)
/usr/lib/gcc/arm-none-eabi/13.2.1/../../../arm-none-eabi/lib/thumb/v7e-m+fp/hard/libc_nano.a(libc_a-sbrkr.o)
                              /usr/lib/gcc/arm-none-eabi/13.2.1/../../../arm-none-eabi/lib/thumb/v7e-m+fp/hard/libc_nano.a(libc_a-mallocr.o) (_sbrk_r)
/usr/lib/gcc/arm-none-eabi/13.2.1/../../../arm-none-eabi/lib/thumb/v7e-m+fp/hard/libc_nano.a(libc_a-stdio.o)
                              /usr/lib/gcc/arm-none-eabi/13.2.1/../../../arm-none-eabi/lib/thumb/v7e-m+fp/hard/libc_nano.a(libc_a-findfp.o) (__sread)
/usr/lib/gcc/arm-none-eabi/13.2.1/../../../arm-none-eabi/lib/thumb/v7e-m+fp/hard/libc_nano.a(libc_a-impure.o)
                              /usr/lib/gcc/arm-none-eabi/13.2.1/../../../arm-none-eabi/lib/thumb/v7e-m+fp/hard/libc_nano.a(libc_a-fflush.o) (_impure_ptr)
/usr/lib/gcc/arm-none-eabi/13.2.1/../../../arm-none-eabi/lib/thumb/v7e-m+fp/hard/libc_nano.a(libc_a-closer.o)
                              /usr/lib/gcc/arm-none-eabi/13.2.1/../../../arm-none-eabi/lib/thumb/v7e-m+fp/hard/libc_nano.a(libc_a-stdio.o) (_close_r)
/usr/lib/gcc/arm-none-eabi/13.2.1/../../../arm-none-eabi/lib/thumb/v7e-m+fp/hard/libc_nano.a(libc_a-__call_atexit.o)
                              /usr/lib/gcc/arm-none-eabi/13.2.1/../../../arm-none-eabi/lib/thumb/v7e-m+fp/hard/libc_nano.a(libc_a-__atexit.o) (__call_exitprocs)
/usr/lib/gcc/arm-none-eabi/13.2.1/../../../arm-none-eabi/lib/thumb/v7e-m+fp/hard/libc_nano.a(libc_a-readr.o)
                              /usr/lib/gcc/arm-none-eabi/13.2.1/../../../arm-none-eabi/lib/thumb/v7e-m+fp/hard/libc_nano.a(libc_a-stdio.o) (_read_r)
/usr/lib/gcc/arm-none-eabi/13.2.1/../../../arm-none-eabi/lib/thumb/v7e-m+fp/hard/libc_nano.a(libc_a-reent.o)
                              /usr/lib/gcc/arm-none-eabi/13.2.1/../../../arm-none-eabi/lib/thumb/v7e-m+fp/hard/libc_nano.a(libc_a-sbrkr.o) (errno)
[...]
Memory Configuration

Name             Origin             Length             Attributes
RAM              0x20000000         0x00020000         xrw
CCMRAM           0x10000000         0x00010000         xrw
FLASH            0x08000000         0x00100000         xr
*default*        0x00000000         0xffffffff

Linker script and memory map

LOAD /usr/lib/gcc/arm-none-eabi/13.2.1/thumb/v7e-m+fp/hard/crti.o
LOAD /usr/lib/gcc/arm-none-eabi/13.2.1/thumb/v7e-m+fp/hard/crtbegin.o
LOAD /usr/lib/gcc/arm-none-eabi/13.2.1/../../../arm-none-eabi/lib/thumb/v7e-m+fp/hard/crt0.o
LOAD build/main.o
LOAD build/stm32f4xx_it.o
LOAD build/stm32f4xx_hal_msp.o
LOAD build/usb_device.o
LOAD build/usbd_desc.o
LOAD build/usbd_cdc_if.o
LOAD build/usbd_conf.o
LOAD build/stm32f4xx_hal_pcd.o
LOAD build/stm32f4xx_hal_pcd_ex.o
LOAD build/stm32f4xx_ll_usb.o
LOAD build/stm32f4xx_hal_rcc.o
LOAD build/stm32f4xx_hal_rcc_ex.o
LOAD build/stm32f4xx_hal_flash.o
LOAD build/stm32f4xx_hal_flash_ex.o
LOAD build/stm32f4xx_hal_flash_ramfunc.o
LOAD build/stm32f4xx_hal_gpio.o
LOAD build/stm32f4xx_hal_dma_ex.o
LOAD build/stm32f4xx_hal_dma.o
LOAD build/stm32f4xx_hal_pwr.o
LOAD build/stm32f4xx_hal_pwr_ex.o
LOAD build/stm32f4xx_hal_cortex.o
LOAD build/stm32f4xx_hal.o
LOAD build/stm32f4xx_hal_exti.o
LOAD build/stm32f4xx_hal_i2c.o
LOAD build/stm32f4xx_hal_i2c_ex.o
LOAD build/stm32f4xx_hal_uart.o
LOAD build/system_stm32f4xx.o
LOAD build/usbd_core.o
LOAD build/usbd_ctlreq.o
LOAD build/usbd_ioreq.o
LOAD build/usbd_cdc.o
LOAD build/startup_stm32f405xx.o
LOAD /usr/lib/gcc/arm-none-eabi/13.2.1/../../../arm-none-eabi/lib/thumb/v7e-m+fp/hard/libc_nano.a
LOAD /usr/lib/gcc/arm-none-eabi/13.2.1/../../../arm-none-eabi/lib/thumb/v7e-m+fp/hard/libm.a
LOAD /usr/lib/gcc/arm-none-eabi/13.2.1/../../../arm-none-eabi/lib/thumb/v7e-m+fp/hard/libnosys.a
START GROUP
LOAD /usr/lib/gcc/arm-none-eabi/13.2.1/thumb/v7e-m+fp/hard/libgcc.a
LOAD /usr/lib/gcc/arm-none-eabi/13.2.1/../../../arm-none-eabi/lib/thumb/v7e-m+fp/hard/libc_nano.a
END GROUP
START GROUP
LOAD /usr/lib/gcc/arm-none-eabi/13.2.1/thumb/v7e-m+fp/hard/libgcc.a
LOAD /usr/lib/gcc/arm-none-eabi/13.2.1/../../../arm-none-eabi/lib/thumb/v7e-m+fp/hard/libc_nano.a
END GROUP
LOAD /usr/lib/gcc/arm-none-eabi/13.2.1/thumb/v7e-m+fp/hard/crtend.o
LOAD /usr/lib/gcc/arm-none-eabi/13.2.1/thumb/v7e-m+fp/hard/crtn.o
                0x20020000                        _estack = (ORIGIN (RAM) + LENGTH (RAM))
                0x00000200                        _Min_Heap_Size = 0x200
                0x00000400                        _Min_Stack_Size = 0x400

.isr_vector     0x08000000      0x188
                0x08000000                        . = ALIGN (0x4)
 *(.isr_vector)
 .isr_vector    0x08000000      0x188 build/startup_stm32f405xx.o
                0x08000000                g_pfnVectors
                0x08000188                        . = ALIGN (0x4)

.text           0x08000188     0x41cc
                0x08000188                        . = ALIGN (0x4)
 *(.text)
 .text          0x08000188       0x88 /usr/lib/gcc/arm-none-eabi/13.2.1/thumb/v7e-m+fp/hard/crtbegin.o
 .text          0x08000210       0x50 /usr/lib/gcc/arm-none-eabi/13.2.1/../../../arm-none-eabi/lib/thumb/v7e-m+fp/hard/libc_nano.a(libc_a-init.o)
                0x08000210                __libc_init_array
 .text          0x08000260       0xa4 /usr/lib/gcc/arm-none-eabi/13.2.1/../../../arm-none-eabi/lib/thumb/v7e-m+fp/hard/libc_nano.a(libc_a-memset.o)
                0x08000260                memset
 .text          0x08000304       0x30 /usr/lib/gcc/arm-none-eabi/13.2.1/thumb/v7e-m+fp/hard/libgcc.a(_aeabi_uldivmod.o)
                0x08000304                __aeabi_uldivmod
 .text          0x08000334      0x2bc /usr/lib/gcc/arm-none-eabi/13.2.1/thumb/v7e-m+fp/hard/libgcc.a(_udivmoddi4.o)
                0x08000334                __udivmoddi4
 .text          0x080005f0        0x4 /usr/lib/gcc/arm-none-eabi/13.2.1/thumb/v7e-m+fp/hard/libgcc.a(_dvmd_tls.o)
                0x080005f0                __aeabi_ldiv0
                0x080005f0                __aeabi_idiv0
 *(.text*)
 .text.MX_GPIO_Init
                0x080005f4       0x4c build/main.o
 .text.Error_Handler
                0x08000640        0x4 build/main.o
                0x08000640                Error_Handler
 .text.MX_I2C1_Init
                0x08000644       0x38 build/main.o
 .text.MX_USART3_UART_Init
                0x0800067c       0x34 build/main.o
 .text.SystemClock_Config
                0x080006b0       0xa4 build/main.o
                0x080006b0                SystemClock_Config
 .text.main     0x08000754       0x1c build/main.o
                0x08000754                main
 .text.NMI_Handler
                0x08000770        0x2 build/stm32f4xx_it.o
                0x08000770                NMI_Handler
 .text.HardFault_Handler
                0x08000772        0x2 build/stm32f4xx_it.o
                0x08000772                HardFault_Handler
 .text.MemManage_Handler
                0x08000774        0x2 build/stm32f4xx_it.o
                0x08000774                MemManage_Handler
 .text.BusFault_Handler
                0x08000776        0x2 build/stm32f4xx_it.o
                0x08000776                BusFault_Handler
 .text.UsageFault_Handler
                0x08000778        0x2 build/stm32f4xx_it.o
                0x08000778                UsageFault_Handler
 .text.SVC_Handler
                0x0800077a        0x2 build/stm32f4xx_it.o
                0x0800077a                SVC_Handler
 .text.DebugMon_Handler
                0x0800077c        0x2 build/stm32f4xx_it.o
                0x0800077c                DebugMon_Handler
 .text.PendSV_Handler
                0x0800077e        0x2 build/stm32f4xx_it.o
                0x0800077e                PendSV_Handler
 .text.SysTick_Handler
                0x08000780        0x8 build/stm32f4xx_it.o
                0x08000780                SysTick_Handler
 .text.OTG_FS_IRQHandler
                0x08000788       0x10 build/stm32f4xx_it.o
                0x08000788                OTG_FS_IRQHandler
 .text.HAL_MspInit
                0x08000798       0x38 build/stm32f4xx_hal_msp.o
                0x08000798                HAL_MspInit
 .text.HAL_I2C_MspInit
                0x080007d0       0x70 build/stm32f4xx_hal_msp.o
                0x080007d0                HAL_I2C_MspInit
 .text.HAL_UART_MspInit
                0x08000840       0x70 build/stm32f4xx_hal_msp.o
                0x08000840                HAL_UART_MspInit
 .text.MX_USB_DEVICE_Init
                0x080008b0       0x54 build/usb_device.o
                0x080008b0                MX_USB_DEVICE_Init
 .text.USBD_FS_DeviceDescriptor
                0x08000904        0xc build/usbd_desc.o
                0x08000904                USBD_FS_DeviceDescriptor
 .text.USBD_FS_LangIDStrDescriptor
                0x08000910        0xc build/usbd_desc.o
                0x08000910                USBD_FS_LangIDStrDescriptor
 .text.IntToUnicode
                0x0800091c       0x46 build/usbd_desc.o
 *fill*         0x08000962        0x2 
 .text.Get_SerialNum
                0x08000964       0x38 build/usbd_desc.o
 .text.USBD_FS_SerialStrDescriptor
                0x0800099c       0x14 build/usbd_desc.o
                0x0800099c                USBD_FS_SerialStrDescriptor
 .text.USBD_FS_ProductStrDescriptor
                0x080009b0       0x24 build/usbd_desc.o
                0x080009b0                USBD_FS_ProductStrDescriptor
 .text.USBD_FS_ManufacturerStrDescriptor
                0x080009d4       0x1c build/usbd_desc.o
                0x080009d4                USBD_FS_ManufacturerStrDescriptor
 .text.USBD_FS_ConfigStrDescriptor
                0x080009f0       0x24 build/usbd_desc.o
                0x080009f0                USBD_FS_ConfigStrDescriptor
 .text.USBD_FS_InterfaceStrDescriptor
                0x08000a14       0x24 build/usbd_desc.o
                0x08000a14                USBD_FS_InterfaceStrDescriptor
 .text.CDC_DeInit_FS
                0x08000a38        0x4 build/usbd_cdc_if.o
 .text.CDC_Control_FS
                0x08000a3c        0x4 build/usbd_cdc_if.o
 .text.CDC_TransmitCplt_FS
                0x08000a40        0x4 build/usbd_cdc_if.o
 .text.CDC_Receive_FS
                0x08000a44       0x1c build/usbd_cdc_if.o
 .text.CDC_Init_FS
                0x08000a60       0x28 build/usbd_cdc_if.o
 .text.HAL_PCD_MspInit
                0x08000a88       0x84 build/usbd_conf.o
                0x08000a88                HAL_PCD_MspInit
 .text.HAL_PCD_SetupStageCallback
                0x08000b0c       0x10 build/usbd_conf.o
                0x08000b0c                HAL_PCD_SetupStageCallback
 .text.HAL_PCD_DataOutStageCallback
                0x08000b1c       0x18 build/usbd_conf.o
                0x08000b1c                HAL_PCD_DataOutStageCallback
 .text.HAL_PCD_DataInStageCallback
                0x08000b34       0x16 build/usbd_conf.o
                0x08000b34                HAL_PCD_DataInStageCallback
 .text.HAL_PCD_SOFCallback
                0x08000b4a        0xc build/usbd_conf.o
                0x08000b4a                HAL_PCD_SOFCallback
 .text.HAL_PCD_ResetCallback
                0x08000b56       0x28 build/usbd_conf.o
                0x08000b56                HAL_PCD_ResetCallback
 *fill*         0x08000b7e        0x2 
 .text.HAL_PCD_SuspendCallback
                0x08000b80       0x30 build/usbd_conf.o
                0x08000b80                HAL_PCD_SuspendCallback
 .text.HAL_PCD_ResumeCallback
                0x08000bb0        0xc build/usbd_conf.o
                0x08000bb0                HAL_PCD_ResumeCallback
 .text.HAL_PCD_ISOOUTIncompleteCallback
                0x08000bbc        0xc build/usbd_conf.o
                0x08000bbc                HAL_PCD_ISOOUTIncompleteCallback
 .text.HAL_PCD_ISOINIncompleteCallback
                0x08000bc8        0xc build/usbd_conf.o
                0x08000bc8                HAL_PCD_ISOINIncompleteCallback
 .text.HAL_PCD_ConnectCallback
                0x08000bd4        0xc build/usbd_conf.o
                0x08000bd4                HAL_PCD_ConnectCallback
 .text.HAL_PCD_DisconnectCallback
                0x08000be0        0xc build/usbd_conf.o
                0x08000be0                HAL_PCD_DisconnectCallback
 .text.USBD_LL_Init
                0x08000bec       0x68 build/usbd_conf.o
                0x08000bec                USBD_LL_Init
 .text.USBD_LL_IsStallEP
                0x08000c54       0x2c build/usbd_conf.o
                0x08000c54                USBD_LL_IsStallEP
 .text.USBD_LL_GetRxDataSize
                0x08000c80        0xc build/usbd_conf.o
                0x08000c80                USBD_LL_GetRxDataSize
 .text.USBD_static_malloc
                0x08000c8c        0x8 build/usbd_conf.o
                0x08000c8c                USBD_static_malloc
 .text.USBD_static_free
                0x08000c94        0x2 build/usbd_conf.o
                0x08000c94                USBD_static_free
 .text.USBD_Get_USB_Status
                0x08000c96       0x14 build/usbd_conf.o
                0x08000c96                USBD_Get_USB_Status
 .text.USBD_LL_Start
                0x08000caa       0x10 build/usbd_conf.o
                0x08000caa                USBD_LL_Start
 .text.USBD_LL_OpenEP
                0x08000cba       0x16 build/usbd_conf.o
                0x08000cba                USBD_LL_OpenEP
 .text.USBD_LL_CloseEP
                0x08000cd0       0x10 build/usbd_conf.o
                0x08000cd0                USBD_LL_CloseEP
 .text.USBD_LL_StallEP
                0x08000ce0       0x10 build/usbd_conf.o
                0x08000ce0                USBD_LL_StallEP
 .text.USBD_LL_ClearStallEP
                0x08000cf0       0x10 build/usbd_conf.o
                0x08000cf0                USBD_LL_ClearStallEP
 .text.USBD_LL_SetUSBAddress
                0x08000d00       0x10 build/usbd_conf.o
                0x08000d00                USBD_LL_SetUSBAddress
 .text.USBD_LL_Transmit
                0x08000d10       0x10 build/usbd_conf.o
                0x08000d10                USBD_LL_Transmit
 .text.USBD_LL_PrepareReceive
                0x08000d20       0x10 build/usbd_conf.o
                0x08000d20                USBD_LL_PrepareReceive
 .text.PCD_WriteEmptyTxFifo
                0x08000d30       0xd0 build/stm32f4xx_hal_pcd.o
 .text.HAL_PCD_Init
                0x08000e00      0x102 build/stm32f4xx_hal_pcd.o
                0x08000e00                HAL_PCD_Init
 .text.HAL_PCD_Start
                0x08000f02       0x44 build/stm32f4xx_hal_pcd.o
                0x08000f02                HAL_PCD_Start
 *fill*         0x08000f46        0x2 
 .text.PCD_EP_OutXfrComplete_int
                0x08000f48      0x104 build/stm32f4xx_hal_pcd.o
 .text.PCD_EP_OutSetupPacket_int
                0x0800104c       0x50 build/stm32f4xx_hal_pcd.o
 .text.HAL_PCD_SetAddress
                0x0800109c       0x26 build/stm32f4xx_hal_pcd.o
                0x0800109c                HAL_PCD_SetAddress
 .text.HAL_PCD_EP_Open
                0x080010c2       0x8c build/stm32f4xx_hal_pcd.o
                0x080010c2                HAL_PCD_EP_Open
 .text.HAL_PCD_EP_Close
                0x0800114e       0x70 build/stm32f4xx_hal_pcd.o
                0x0800114e                HAL_PCD_EP_Close
 .text.HAL_PCD_EP_Receive
                0x080011be       0x4a build/stm32f4xx_hal_pcd.o
                0x080011be                HAL_PCD_EP_Receive
 .text.HAL_PCD_EP_GetRxCount
                0x08001208       0x12 build/stm32f4xx_hal_pcd.o
                0x08001208                HAL_PCD_EP_GetRxCount
 .text.HAL_PCD_EP_Transmit
                0x0800121a       0x4a build/stm32f4xx_hal_pcd.o
                0x0800121a                HAL_PCD_EP_Transmit
 .text.HAL_PCD_EP_SetStall
                0x08001264       0x86 build/stm32f4xx_hal_pcd.o
                0x08001264                HAL_PCD_EP_SetStall
 .text.HAL_PCD_EP_ClrStall
                0x080012ea       0x74 build/stm32f4xx_hal_pcd.o
                0x080012ea                HAL_PCD_EP_ClrStall
 .text.HAL_PCD_EP_Abort
                0x0800135e       0x34 build/stm32f4xx_hal_pcd.o
                0x0800135e                HAL_PCD_EP_Abort
 .text.HAL_PCD_IRQHandler
                0x08001392      0x5c0 build/stm32f4xx_hal_pcd.o
                0x08001392                HAL_PCD_IRQHandler
 .text.HAL_PCDEx_SetTxFiFo
                0x08001952       0x4c build/stm32f4xx_hal_pcd_ex.o
                0x08001952                HAL_PCDEx_SetTxFiFo
 .text.HAL_PCDEx_SetRxFiFo
                0x0800199e        0x8 build/stm32f4xx_hal_pcd_ex.o
                0x0800199e                HAL_PCDEx_SetRxFiFo
 .text.HAL_PCDEx_LPM_Callback
                0x080019a6        0x2 build/stm32f4xx_hal_pcd_ex.o
                0x080019a6                HAL_PCDEx_LPM_Callback
 .text.USB_CoreReset
                0x080019a8       0x4a build/stm32f4xx_ll_usb.o
 .text.USB_CoreInit
                0x080019f2       0x92 build/stm32f4xx_ll_usb.o
                0x080019f2                USB_CoreInit
 .text.USB_SetTurnaroundTime
                0x08001a84       0xe4 build/stm32f4xx_ll_usb.o
                0x08001a84                USB_SetTurnaroundTime
 .text.USB_EnableGlobalInt
                0x08001b68        0xc build/stm32f4xx_ll_usb.o
                0x08001b68                USB_EnableGlobalInt
 .text.USB_DisableGlobalInt
                0x08001b74        0xc build/stm32f4xx_ll_usb.o
                0x08001b74                USB_DisableGlobalInt
 .text.USB_FlushTxFifo
                0x08001b80       0x4a build/stm32f4xx_ll_usb.o
                0x08001b80                USB_FlushTxFifo
 .text.USB_FlushRxFifo
                0x08001bca       0x46 build/stm32f4xx_ll_usb.o
                0x08001bca                USB_FlushRxFifo
 .text.USB_SetDevSpeed
                0x08001c10        0xe build/stm32f4xx_ll_usb.o
                0x08001c10                USB_SetDevSpeed
 *fill*         0x08001c1e        0x2 
 .text.USB_DevInit
                0x08001c20      0x194 build/stm32f4xx_ll_usb.o
                0x08001c20                USB_DevInit
 .text.USB_GetDevSpeed
                0x08001db4       0x22 build/stm32f4xx_ll_usb.o
                0x08001db4                USB_GetDevSpeed
 .text.USB_ActivateEndpoint
                0x08001dd6       0x9a build/stm32f4xx_ll_usb.o
                0x08001dd6                USB_ActivateEndpoint
 .text.USB_DeactivateEndpoint
                0x08001e70       0xe0 build/stm32f4xx_ll_usb.o
                0x08001e70                USB_DeactivateEndpoint
 .text.USB_EPStopXfer
                0x08001f50       0xbe build/stm32f4xx_ll_usb.o
                0x08001f50                USB_EPStopXfer
 .text.USB_WritePacket
                0x0800200e       0x2e build/stm32f4xx_ll_usb.o
                0x0800200e                USB_WritePacket
 .text.USB_EPStartXfer
                0x0800203c      0x244 build/stm32f4xx_ll_usb.o
                0x0800203c                USB_EPStartXfer
 .text.USB_ReadPacket
                0x08002280       0x46 build/stm32f4xx_ll_usb.o
                0x08002280                USB_ReadPacket
 .text.USB_EPSetStall
                0x080022c6       0x5a build/stm32f4xx_ll_usb.o
                0x080022c6                USB_EPSetStall
 .text.USB_EPClearStall
                0x08002320       0x5c build/stm32f4xx_ll_usb.o
                0x08002320                USB_EPClearStall
 .text.USB_SetDevAddress
                0x0800237c       0x20 build/stm32f4xx_ll_usb.o
                0x0800237c                USB_SetDevAddress
 .text.USB_DevConnect
                0x0800239c       0x1c build/stm32f4xx_ll_usb.o
                0x0800239c                USB_DevConnect
 .text.USB_DevDisconnect
                0x080023b8       0x1c build/stm32f4xx_ll_usb.o
                0x080023b8                USB_DevDisconnect
 .text.USB_ReadInterrupts
                0x080023d4        0x8 build/stm32f4xx_ll_usb.o
                0x080023d4                USB_ReadInterrupts
 .text.USB_ReadDevAllOutEpInterrupt
                0x080023dc       0x10 build/stm32f4xx_ll_usb.o
                0x080023dc                USB_ReadDevAllOutEpInterrupt
 .text.USB_ReadDevAllInEpInterrupt
                0x080023ec       0x10 build/stm32f4xx_ll_usb.o
                0x080023ec                USB_ReadDevAllInEpInterrupt
 .text.USB_ReadDevOutEPInterrupt
                0x080023fc       0x12 build/stm32f4xx_ll_usb.o
                0x080023fc                USB_ReadDevOutEPInterrupt
 .text.USB_ReadDevInEPInterrupt
                0x0800240e       0x24 build/stm32f4xx_ll_usb.o
                0x0800240e                USB_ReadDevInEPInterrupt
 .text.USB_GetMode
                0x08002432        0x8 build/stm32f4xx_ll_usb.o
                0x08002432                USB_GetMode
 .text.USB_SetCurrentMode
                0x0800243a       0x62 build/stm32f4xx_ll_usb.o
                0x0800243a                USB_SetCurrentMode
 .text.USB_ActivateSetup
                0x0800249c       0x1c build/stm32f4xx_ll_usb.o
                0x0800249c                USB_ActivateSetup
 .text.USB_EP0_OutStart
                0x080024b8       0x60 build/stm32f4xx_ll_usb.o
                0x080024b8                USB_EP0_OutStart
 .text.HAL_RCC_OscConfig
                0x08002518      0x3f8 build/stm32f4xx_hal_rcc.o
                0x08002518                HAL_RCC_OscConfig
 .text.HAL_RCC_GetSysClockFreq
                0x08002910       0xa8 build/stm32f4xx_hal_rcc.o
                0x08002910                HAL_RCC_GetSysClockFreq
 .text.HAL_RCC_ClockConfig
                0x080029b8      0x160 build/stm32f4xx_hal_rcc.o
                0x080029b8                HAL_RCC_ClockConfig
 .text.HAL_RCC_GetHCLKFreq
                0x08002b18        0xc build/stm32f4xx_hal_rcc.o
                0x08002b18                HAL_RCC_GetHCLKFreq
 .text.HAL_RCC_GetPCLK1Freq
                0x08002b24       0x20 build/stm32f4xx_hal_rcc.o
                0x08002b24                HAL_RCC_GetPCLK1Freq
 .text.HAL_RCC_GetPCLK2Freq
                0x08002b44       0x20 build/stm32f4xx_hal_rcc.o
                0x08002b44                HAL_RCC_GetPCLK2Freq
 .text.HAL_GPIO_Init
                0x08002b64      0x1ec build/stm32f4xx_hal_gpio.o
                0x08002b64                HAL_GPIO_Init
 .text.__NVIC_EnableIRQ
                0x08002d50       0x1c build/stm32f4xx_hal_cortex.o
 .text.__NVIC_SetPriority
                0x08002d6c       0x28 build/stm32f4xx_hal_cortex.o
 .text.NVIC_EncodePriority
                0x08002d94       0x3e build/stm32f4xx_hal_cortex.o
 *fill*         0x08002dd2        0x2 
 .text.HAL_NVIC_SetPriorityGrouping
                0x08002dd4       0x24 build/stm32f4xx_hal_cortex.o
                0x08002dd4                HAL_NVIC_SetPriorityGrouping
 .text.HAL_NVIC_SetPriority
                0x08002df8       0x20 build/stm32f4xx_hal_cortex.o
                0x08002df8                HAL_NVIC_SetPriority
 .text.HAL_NVIC_EnableIRQ
                0x08002e18        0x8 build/stm32f4xx_hal_cortex.o
                0x08002e18                HAL_NVIC_EnableIRQ
 .text.HAL_SYSTICK_Config
                0x08002e20       0x28 build/stm32f4xx_hal_cortex.o
                0x08002e20                HAL_SYSTICK_Config
 .text.HAL_InitTick
                0x08002e48       0x4c build/stm32f4xx_hal.o
                0x08002e48                HAL_InitTick
 .text.HAL_Init
                0x08002e94       0x34 build/stm32f4xx_hal.o
                0x08002e94                HAL_Init
 .text.HAL_IncTick
                0x08002ec8       0x18 build/stm32f4xx_hal.o
                0x08002ec8                HAL_IncTick
 .text.HAL_GetTick
                0x08002ee0        0xc build/stm32f4xx_hal.o
                0x08002ee0                HAL_GetTick
 .text.HAL_Delay
                0x08002eec       0x28 build/stm32f4xx_hal.o
                0x08002eec                HAL_Delay
 .text.HAL_I2C_Init
                0x08002f14      0x1bc build/stm32f4xx_hal_i2c.o
                0x08002f14                HAL_I2C_Init
 .text.UART_SetConfig
                0x080030d0      0x110 build/stm32f4xx_hal_uart.o
 .text.HAL_UART_Init
                0x080031e0       0x60 build/stm32f4xx_hal_uart.o
                0x080031e0                HAL_UART_Init
 .text.SystemInit
                0x08003240       0x14 build/system_stm32f4xx.o
                0x08003240                SystemInit
 .text.USBD_Init
                0x08003254       0x2e build/usbd_core.o
                0x08003254                USBD_Init
 .text.USBD_RegisterClass
                0x08003282       0x34 build/usbd_core.o
                0x08003282                USBD_RegisterClass
 .text.USBD_Start
                0x080032b6        0x8 build/usbd_core.o
                0x080032b6                USBD_Start
 .text.USBD_SetClassConfig
                0x080032be       0x12 build/usbd_core.o
                0x080032be                USBD_SetClassConfig
 .text.USBD_ClrClassConfig
                0x080032d0       0x12 build/usbd_core.o
                0x080032d0                USBD_ClrClassConfig
 .text.USBD_LL_SetupStage
                0x080032e2       0x58 build/usbd_core.o
                0x080032e2                USBD_LL_SetupStage
 .text.USBD_LL_Reset
                0x0800333a       0x64 build/usbd_core.o
                0x0800333a                USBD_LL_Reset
 .text.USBD_LL_SetSpeed
                0x0800339e        0x6 build/usbd_core.o
                0x0800339e                USBD_LL_SetSpeed
 .text.USBD_LL_Suspend
                0x080033a4       0x1e build/usbd_core.o
                0x080033a4                USBD_LL_Suspend
 .text.USBD_LL_Resume
                0x080033c2       0x1a build/usbd_core.o
                0x080033c2                USBD_LL_Resume
 .text.USBD_LL_SOF
                0x080033dc       0x22 build/usbd_core.o
                0x080033dc                USBD_LL_SOF
 .text.USBD_LL_IsoINIncomplete
                0x080033fe       0x2e build/usbd_core.o
                0x080033fe                USBD_LL_IsoINIncomplete
 .text.USBD_LL_IsoOUTIncomplete
                0x0800342c       0x2e build/usbd_core.o
                0x0800342c                USBD_LL_IsoOUTIncomplete
 .text.USBD_LL_DevConnected
                0x0800345a        0x4 build/usbd_core.o
                0x0800345a                USBD_LL_DevConnected
 .text.USBD_LL_DevDisconnected
                0x0800345e       0x20 build/usbd_core.o
                0x0800345e                USBD_LL_DevDisconnected
 .text.USBD_CoreFindIF
                0x0800347e        0x4 build/usbd_core.o
                0x0800347e                USBD_CoreFindIF
 .text.USBD_CoreFindEP
                0x08003482        0x4 build/usbd_core.o
                0x08003482                USBD_CoreFindEP
 .text.USBD_LL_DataOutStage
                0x08003486       0xc4 build/usbd_core.o
                0x08003486                USBD_LL_DataOutStage
 .text.USBD_LL_DataInStage
                0x0800354a       0xd6 build/usbd_core.o
                0x0800354a                USBD_LL_DataInStage
 .text.USBD_GetNextDesc
                0x08003620        0xe build/usbd_core.o
                0x08003620                USBD_GetNextDesc
 .text.USBD_GetEpDesc
                0x0800362e       0x3e build/usbd_core.o
                0x0800362e                USBD_GetEpDesc
 .text.USBD_GetLen
                0x0800366c       0x14 build/usbd_ctlreq.o
 .text.USBD_ParseSetupRequest
                0x08003680       0x28 build/usbd_ctlreq.o
                0x08003680                USBD_ParseSetupRequest
 .text.USBD_CtlError
                0x080036a8       0x14 build/usbd_ctlreq.o
                0x080036a8                USBD_CtlError
 .text.USBD_GetDescriptor
                0x080036bc      0x18a build/usbd_ctlreq.o
 .text.USBD_SetAddress
                0x08003846       0x50 build/usbd_ctlreq.o
 *fill*         0x08003896        0x2 
 .text.USBD_SetConfig
                0x08003898       0xcc build/usbd_ctlreq.o
 .text.USBD_GetConfig
                0x08003964       0x40 build/usbd_ctlreq.o
 .text.USBD_GetStatus
                0x080039a4       0x38 build/usbd_ctlreq.o
 .text.USBD_SetFeature
                0x080039dc       0x2a build/usbd_ctlreq.o
 .text.USBD_ClrFeature
                0x08003a06       0x26 build/usbd_ctlreq.o
 .text.USBD_StdDevReq
                0x08003a2c       0x76 build/usbd_ctlreq.o
                0x08003a2c                USBD_StdDevReq
 .text.USBD_StdItfReq
                0x08003aa2       0x84 build/usbd_ctlreq.o
                0x08003aa2                USBD_StdItfReq
 .text.USBD_StdEPReq
                0x08003b26      0x230 build/usbd_ctlreq.o
                0x08003b26                USBD_StdEPReq
 .text.USBD_GetString
                0x08003d56       0x46 build/usbd_ctlreq.o
                0x08003d56                USBD_GetString
 .text.USBD_CtlSendData
                0x08003d9c       0x1a build/usbd_ioreq.o
                0x08003d9c                USBD_CtlSendData
 .text.USBD_CtlContinueSendData
                0x08003db6       0x10 build/usbd_ioreq.o
                0x08003db6                USBD_CtlContinueSendData
 .text.USBD_CtlPrepareRx
                0x08003dc6       0x1e build/usbd_ioreq.o
                0x08003dc6                USBD_CtlPrepareRx
 .text.USBD_CtlContinueRx
                0x08003de4       0x10 build/usbd_ioreq.o
                0x08003de4                USBD_CtlContinueRx
 .text.USBD_CtlSendStatus
                0x08003df4       0x16 build/usbd_ioreq.o
                0x08003df4                USBD_CtlSendStatus
 .text.USBD_CtlReceiveStatus
                0x08003e0a       0x16 build/usbd_ioreq.o
                0x08003e0a                USBD_CtlReceiveStatus
 .text.USBD_CDC_EP0_RxReady
                0x08003e20       0x40 build/usbd_cdc.o
 .text.USBD_CDC_GetDeviceQualifierDescriptor
                0x08003e60        0xc build/usbd_cdc.o
                0x08003e60                USBD_CDC_GetDeviceQualifierDescriptor
 .text.USBD_CDC_GetOtherSpeedCfgDesc
                0x08003e6c       0x48 build/usbd_cdc.o
 .text.USBD_CDC_GetFSCfgDesc
                0x08003eb4       0x48 build/usbd_cdc.o
 .text.USBD_CDC_GetHSCfgDesc
                0x08003efc       0x48 build/usbd_cdc.o
 .text.USBD_CDC_DataOut
                0x08003f44       0x38 build/usbd_cdc.o
 .text.USBD_CDC_DataIn
                0x08003f7c       0x7c build/usbd_cdc.o
 .text.USBD_CDC_Setup
                0x08003ff8      0x11a build/usbd_cdc.o
 .text.USBD_CDC_DeInit
                0x08004112       0x64 build/usbd_cdc.o
 .text.USBD_CDC_Init
                0x08004176       0xee build/usbd_cdc.o
 .text.USBD_CDC_RegisterInterface
                0x08004264       0x16 build/usbd_cdc.o
                0x08004264                USBD_CDC_RegisterInterface
 .text.USBD_CDC_SetTxBuffer
                0x0800427a       0x1c build/usbd_cdc.o
                0x0800427a                USBD_CDC_SetTxBuffer
 .text.USBD_CDC_SetRxBuffer
                0x08004296       0x18 build/usbd_cdc.o
                0x08004296                USBD_CDC_SetRxBuffer
 .text.USBD_CDC_ReceivePacket
                0x080042ae       0x38 build/usbd_cdc.o
                0x080042ae                USBD_CDC_ReceivePacket
 *fill*         0x080042e6        0x2 
 .text.Reset_Handler
                0x080042e8       0x50 build/startup_stm32f405xx.o
                0x080042e8                Reset_Handler
 .text.Default_Handler
                0x08004338        0x2 build/startup_stm32f405xx.o
                0x08004338                RTC_Alarm_IRQHandler
                0x08004338                HASH_RNG_IRQHandler
                0x08004338                EXTI2_IRQHandler
                0x08004338                TIM8_CC_IRQHandler
                0x08004338                TIM1_CC_IRQHandler
                0x08004338                DMA2_Stream5_IRQHandler
                0x08004338                DMA1_Stream5_IRQHandler
                0x08004338                PVD_IRQHandler
                0x08004338                SDIO_IRQHandler
                0x08004338                TAMP_STAMP_IRQHandler
                0x08004338                CAN2_RX1_IRQHandler
                0x08004338                EXTI3_IRQHandler
                0x08004338                TIM8_TRG_COM_TIM14_IRQHandler
                0x08004338                TIM1_UP_TIM10_IRQHandler
                0x08004338                TIM8_UP_TIM13_IRQHandler
                0x08004338                I2C3_ER_IRQHandler
                0x08004338                EXTI0_IRQHandler
                0x08004338                I2C2_EV_IRQHandler
                0x08004338                DMA1_Stream2_IRQHandler
                0x08004338                CAN1_RX0_IRQHandler
                0x08004338                FPU_IRQHandler
                0x08004338                OTG_HS_WKUP_IRQHandler
                0x08004338                CAN2_SCE_IRQHandler
                0x08004338                DMA2_Stream2_IRQHandler
                0x08004338                SPI1_IRQHandler
                0x08004338                TIM6_DAC_IRQHandler
                0x08004338                TIM1_BRK_TIM9_IRQHandler
                0x08004338                CAN2_RX0_IRQHandler
                0x08004338                DMA2_Stream3_IRQHandler
                0x08004338                USART6_IRQHandler
                0x08004338                USART3_IRQHandler
                0x08004338                CAN1_RX1_IRQHandler
                0x08004338                UART5_IRQHandler
                0x08004338                DMA2_Stream0_IRQHandler
                0x08004338                TIM4_IRQHandler
                0x08004338                I2C1_EV_IRQHandler
                0x08004338                DMA1_Stream6_IRQHandler
                0x08004338                DMA1_Stream1_IRQHandler
                0x08004338                UART4_IRQHandler
                0x08004338                TIM3_IRQHandler
                0x08004338                RCC_IRQHandler
                0x08004338                TIM8_BRK_TIM12_IRQHandler
                0x08004338                Default_Handler
                0x08004338                EXTI15_10_IRQHandler
                0x08004338                ADC_IRQHandler
                0x08004338                DMA1_Stream7_IRQHandler
                0x08004338                TIM7_IRQHandler
                0x08004338                CAN2_TX_IRQHandler
                0x08004338                TIM5_IRQHandler
                0x08004338                DMA2_Stream7_IRQHandler
                0x08004338                I2C3_EV_IRQHandler
                0x08004338                EXTI9_5_IRQHandler
                0x08004338                RTC_WKUP_IRQHandler
                0x08004338                SPI2_IRQHandler
                0x08004338                OTG_HS_EP1_IN_IRQHandler
                0x08004338                DMA1_Stream0_IRQHandler
                0x08004338                CAN1_TX_IRQHandler
                0x08004338                EXTI4_IRQHandler
                0x08004338                FSMC_IRQHandler
                0x08004338                OTG_HS_EP1_OUT_IRQHandler
                0x08004338                WWDG_IRQHandler
                0x08004338                TIM2_IRQHandler
                0x08004338                OTG_FS_WKUP_IRQHandler
                0x08004338                TIM1_TRG_COM_TIM11_IRQHandler
                0x08004338                OTG_HS_IRQHandler
                0x08004338                EXTI1_IRQHandler
                0x08004338                USART2_IRQHandler
                0x08004338                I2C2_ER_IRQHandler
                0x08004338                DMA2_Stream1_IRQHandler
                0x08004338                CAN1_SCE_IRQHandler
                0x08004338                FLASH_IRQHandler
                0x08004338                DMA2_Stream4_IRQHandler
                0x08004338                USART1_IRQHandler
                0x08004338                SPI3_IRQHandler
                0x08004338                DMA1_Stream4_IRQHandler
                0x08004338                I2C1_ER_IRQHandler
                0x08004338                DMA2_Stream6_IRQHandler
                0x08004338                DMA1_Stream3_IRQHandler
 *(.glue_7)
 .glue_7        0x0800433a        0x0 linker stubs
 *(.glue_7t)
 .glue_7t       0x0800433a        0x0 linker stubs
 *(.eh_frame)
 *fill*         0x0800433a        0x2 
 .eh_frame      0x0800433c        0x0 /usr/lib/gcc/arm-none-eabi/13.2.1/thumb/v7e-m+fp/hard/crtbegin.o
 *(.init)
 .init          0x0800433c        0x4 /usr/lib/gcc/arm-none-eabi/13.2.1/thumb/v7e-m+fp/hard/crti.o
                0x0800433c                _init
 .init          0x08004340        0x8 /usr/lib/gcc/arm-none-eabi/13.2.1/thumb/v7e-m+fp/hard/crtn.o
 *(.fini)
 .fini          0x08004348        0x4 /usr/lib/gcc/arm-none-eabi/13.2.1/thumb/v7e-m+fp/hard/crti.o
                0x08004348                _fini
 .fini          0x0800434c        0x8 /usr/lib/gcc/arm-none-eabi/13.2.1/thumb/v7e-m+fp/hard/crtn.o
                0x08004354                        . = ALIGN (0x4)
                0x08004354                        _etext = .

.vfp11_veneer   0x08004354        0x0
 .vfp11_veneer  0x08004354        0x0 linker stubs

.v4_bx          0x08004354        0x0
 .v4_bx         0x08004354        0x0 linker stubs

.iplt           0x08004354        0x0
 .iplt          0x08004354        0x0 /usr/lib/gcc/arm-none-eabi/13.2.1/thumb/v7e-m+fp/hard/crtbegin.o

.rodata         0x08004354       0x60
                0x08004354                        . = ALIGN (0x4)
 *(.rodata)
 *(.rodata*)
 .rodata.USBD_FS_ProductStrDescriptor.str1.4
                0x08004354       0x46 build/usbd_desc.o
                                 0x16 (size before relaxing)
 .rodata.USBD_FS_ManufacturerStrDescriptor.str1.4
                0x0800439a       0x13 build/usbd_desc.o
 .rodata.USBD_FS_ConfigStrDescriptor.str1.4
                0x0800439a        0xb build/usbd_desc.o
 .rodata.USBD_FS_InterfaceStrDescriptor.str1.4
                0x0800439a        0xe build/usbd_desc.o
 *fill*         0x0800439a        0x2 
 .rodata.APBPrescTable
                0x0800439c        0x8 build/system_stm32f4xx.o
                0x0800439c                APBPrescTable
 .rodata.AHBPrescTable
                0x080043a4       0x10 build/system_stm32f4xx.o
                0x080043a4                AHBPrescTable
                0x080043b4                        . = ALIGN (0x4)

.ARM.extab      0x080043b4        0x0
                0x080043b4                        . = ALIGN (0x4)
 *(.ARM.extab* .gnu.linkonce.armextab.*)
                0x080043b4                        . = ALIGN (0x4)

.ARM            0x080043b4        0x8
                0x080043b4                        . = ALIGN (0x4)
                0x080043b4                        __exidx_start = .
 *(.ARM.exidx*)
 .ARM.exidx     0x080043b4        0x8 /usr/lib/gcc/arm-none-eabi/13.2.1/thumb/v7e-m+fp/hard/libgcc.a(_udivmoddi4.o)
                0x080043bc                        __exidx_end = .
                0x080043bc                        . = ALIGN (0x4)

.preinit_array  0x080043bc        0x0
                0x080043bc                        . = ALIGN (0x4)
                0x080043bc                        PROVIDE (__preinit_array_start = .)
 *(.preinit_array*)
                0x080043bc                        PROVIDE (__preinit_array_end = .)
                0x080043bc                        . = ALIGN (0x4)

.init_array     0x080043bc        0x4
                0x080043bc                        . = ALIGN (0x4)
                0x080043bc                        PROVIDE (__init_array_start = .)
 *(SORT_BY_NAME(.init_array.*))
 *(.init_array*)
 .init_array    0x080043bc        0x4 /usr/lib/gcc/arm-none-eabi/13.2.1/thumb/v7e-m+fp/hard/crtbegin.o
                0x080043c0                        PROVIDE (__init_array_end = .)
                0x080043c0                        . = ALIGN (0x4)

.fini_array     0x080043c0        0x4
                0x080043c0                        . = ALIGN (0x4)
                0x080043c0                        PROVIDE (__fini_array_start = .)
 *(SORT_BY_NAME(.fini_array.*))
 *(.fini_array*)
 .fini_array    0x080043c0        0x4 /usr/lib/gcc/arm-none-eabi/13.2.1/thumb/v7e-m+fp/hard/crtbegin.o
                0x080043c4                        PROVIDE (__fini_array_end = .)
                0x080043c4                        . = ALIGN (0x4)
                0x080043c4                        _sidata = LOADADDR (.data)

.rel.dyn        0x080043c4        0x0
 .rel.iplt      0x080043c4        0x0 /usr/lib/gcc/arm-none-eabi/13.2.1/thumb/v7e-m+fp/hard/crtbegin.o

.data           0x20000000       0xf8 load address 0x080043c4
                0x20000000                        . = ALIGN (0x4)
                0x20000000                        _sdata = .
 *(.data)
 *(.data*)
 .data.USBD_StringSerial
                0x20000000       0x1a build/usbd_desc.o
                0x20000000                USBD_StringSerial
 *fill*         0x2000001a        0x2 
 .data.USBD_LangIDDesc
                0x2000001c        0x4 build/usbd_desc.o
                0x2000001c                USBD_LangIDDesc
 .data.USBD_FS_DeviceDesc
                0x20000020       0x12 build/usbd_desc.o
                0x20000020                USBD_FS_DeviceDesc
 *fill*         0x20000032        0x2 
 .data.FS_Desc  0x20000034       0x1c build/usbd_desc.o
                0x20000034                FS_Desc
 .data.USBD_Interface_fops_FS
                0x20000050       0x14 build/usbd_cdc_if.o
                0x20000050                USBD_Interface_fops_FS
 .data.uwTickFreq
                0x20000064        0x1 build/stm32f4xx_hal.o
                0x20000064                uwTickFreq
 *fill*         0x20000065        0x3 
 .data.uwTickPrio
                0x20000068        0x4 build/stm32f4xx_hal.o
                0x20000068                uwTickPrio
 .data.SystemCoreClock
                0x2000006c        0x4 build/system_stm32f4xx.o
                0x2000006c                SystemCoreClock
 .data.USBD_CDC_CfgDesc
                0x20000070       0x43 build/usbd_cdc.o
 *fill*         0x200000b3        0x1 
 .data.USBD_CDC
                0x200000b4       0x38 build/usbd_cdc.o
                0x200000b4                USBD_CDC
 .data.USBD_CDC_DeviceQualifierDesc
                0x200000ec        0xa build/usbd_cdc.o
 *(.RamFunc)
 *(.RamFunc*)
                0x200000f8                        . = ALIGN (0x4)
 *fill*         0x200000f6        0x2 
                0x200000f8                        _edata = .
                0x080044bc                        _siccmram = LOADADDR (.ccmram)

.tm_clone_table
                0x200000f8        0x0 load address 0x080044bc
 .tm_clone_table
                0x200000f8        0x0 /usr/lib/gcc/arm-none-eabi/13.2.1/thumb/v7e-m+fp/hard/crtbegin.o
 .tm_clone_table
                0x200000f8        0x0 /usr/lib/gcc/arm-none-eabi/13.2.1/thumb/v7e-m+fp/hard/crtend.o

.igot.plt       0x200000f8        0x0 load address 0x080044bc
 .igot.plt      0x200000f8        0x0 /usr/lib/gcc/arm-none-eabi/13.2.1/thumb/v7e-m+fp/hard/crtbegin.o

.ccmram         0x10000000        0x0 load address 0x080044bc
                0x10000000                        . = ALIGN (0x4)
                0x10000000                        _sccmram = .
 *(.ccmram)
 *(.ccmram*)
                0x10000000                        . = ALIGN (0x4)
                0x10000000                        _eccmram = .
                0x10000000                        . = ALIGN (0x4)

.bss            0x200000f8     0x1ca0
                0x200000f8                        _sbss = .
                0x200000f8                        __bss_start__ = _sbss
 *(.bss)
 .bss           0x200000f8       0x1c /usr/lib/gcc/arm-none-eabi/13.2.1/thumb/v7e-m+fp/hard/crtbegin.o
 *(.bss*)
 .bss.huart3    0x20000114       0x48 build/main.o
                0x20000114                huart3
 .bss.hi2c1     0x2000015c       0x54 build/main.o
                0x2000015c                hi2c1
 .bss.hUsbDeviceFS
                0x200001b0      0x2dc build/usb_device.o
                0x200001b0                hUsbDeviceFS
 .bss.USBD_StrDesc
                0x2000048c      0x200 build/usbd_desc.o
                0x2000048c                USBD_StrDesc
 .bss.UserTxBufferFS
                0x2000068c      0x800 build/usbd_cdc_if.o
                0x2000068c                UserTxBufferFS
 .bss.UserRxBufferFS
                0x20000e8c      0x800 build/usbd_cdc_if.o
                0x20000e8c                UserRxBufferFS
 .bss.mem.0     0x2000168c      0x220 build/usbd_conf.o
 .bss.hpcd_USB_OTG_FS
                0x200018ac      0x4e4 build/usbd_conf.o
                0x200018ac                hpcd_USB_OTG_FS
 .bss.uwTick    0x20001d90        0x4 build/stm32f4xx_hal.o
                0x20001d90                uwTick
 .bss.cfgidx.0  0x20001d94        0x1 build/usbd_ctlreq.o
 *(COMMON)
                0x20001d98                        . = ALIGN (0x4)
 *fill*         0x20001d95        0x3 
                0x20001d98                        _ebss = .
                0x20001d98                        __bss_end__ = _ebss

._user_heap_stack
                0x20001d98      0x600
                0x20001d98                        . = ALIGN (0x8)
                0x20001d98                        PROVIDE (end = .)
                [!provide]                        PROVIDE (_end = .)
                0x20001f98                        . = (. + _Min_Heap_Size)
 *fill*         0x20001d98      0x200 
                0x20002398                        . = (. + _Min_Stack_Size)
 *fill*         0x20001f98      0x400 
                0x20002398                        . = ALIGN (0x8)

/DISCARD/
 libc.a(*)
 libm.a(*)
 libgcc.a(*)
OUTPUT(build/Firmware.elf elf32-littlearm)
LOAD linker stubs
LOAD /usr/lib/gcc/arm-none-eabi/13.2.1/../../../arm-none-eabi/lib/thumb/v7e-m+fp/hard/libc.a
LOAD /usr/lib/gcc/arm-none-eabi/13.2.1/../../../arm-none-eabi/lib/thumb/v7e-m+fp/hard/libm.a
LOAD /usr/lib/gcc/arm-none-eabi/13.2.1/thumb/v7e-m+fp/hard/libgcc.a

.ARM.attributes
                0x00000000       0x30
 .ARM.attributes
                0x00000000       0x22 /usr/lib/gcc/arm-none-eabi/13.2.1/thumb/v7e-m+fp/hard/crti.o
 .ARM.attributes
                0x00000022       0x34 /usr/lib/gcc/arm-none-eabi/13.2.1/thumb/v7e-m+fp/hard/crtbegin.o
 .ARM.attributes
                0x00000056       0x34 build/main.o
 .ARM.attributes
                0x0000008a       0x34 build/stm32f4xx_it.o
 .ARM.attributes
                0x000000be       0x34 build/stm32f4xx_hal_msp.o
 .ARM.attributes
                0x000000f2       0x34 build/usb_device.o
 .ARM.attributes
                0x00000126       0x34 build/usbd_desc.o
 .ARM.attributes
                0x0000015a       0x34 build/usbd_cdc_if.o
 .ARM.attributes
                0x0000018e       0x34 build/usbd_conf.o
 .ARM.attributes
                0x000001c2       0x34 build/stm32f4xx_hal_pcd.o
 .ARM.attributes
                0x000001f6       0x34 build/stm32f4xx_hal_pcd_ex.o
 .ARM.attributes
                0x0000022a       0x34 build/stm32f4xx_ll_usb.o
 .ARM.attributes
                0x0000025e       0x34 build/stm32f4xx_hal_rcc.o
 .ARM.attributes
                0x00000292       0x34 build/stm32f4xx_hal_gpio.o
 .ARM.attributes
                0x000002c6       0x34 build/stm32f4xx_hal_cortex.o
 .ARM.attributes
                0x000002fa       0x34 build/stm32f4xx_hal.o
 .ARM.attributes
                0x0000032e       0x34 build/stm32f4xx_hal_i2c.o
 .ARM.attributes
                0x00000362       0x34 build/stm32f4xx_hal_uart.o
 .ARM.attributes
                0x00000396       0x34 build/system_stm32f4xx.o
 .ARM.attributes
                0x000003ca       0x34 build/usbd_core.o
 .ARM.attributes
                0x000003fe       0x34 build/usbd_ctlreq.o
 .ARM.attributes
                0x00000432       0x34 build/usbd_ioreq.o
 .ARM.attributes
                0x00000466       0x34 build/usbd_cdc.o
 .ARM.attributes
                0x0000049a       0x21 build/startup_stm32f405xx.o
 .ARM.attributes
                0x000004bb       0x34 /usr/lib/gcc/arm-none-eabi/13.2.1/../../../arm-none-eabi/lib/thumb/v7e-m+fp/hard/libc_nano.a(libc_a-init.o)
 .ARM.attributes
                0x000004ef       0x34 /usr/lib/gcc/arm-none-eabi/13.2.1/../../../arm-none-eabi/lib/thumb/v7e-m+fp/hard/libc_nano.a(libc_a-memset.o)
 .ARM.attributes
                0x00000523       0x22 /usr/lib/gcc/arm-none-eabi/13.2.1/thumb/v7e-m+fp/hard/libgcc.a(_aeabi_uldivmod.o)
 .ARM.attributes
                0x00000545       0x34 /usr/lib/gcc/arm-none-eabi/13.2.1/thumb/v7e-m+fp/hard/libgcc.a(_udivmoddi4.o)
 .ARM.attributes
                0x00000579       0x22 /usr/lib/gcc/arm-none-eabi/13.2.1/thumb/v7e-m+fp/hard/libgcc.a(_dvmd_tls.o)
 .ARM.attributes
                0x0000059b       0x34 /usr/lib/gcc/arm-none-eabi/13.2.1/thumb/v7e-m+fp/hard/crtend.o
 .ARM.attributes
                0x000005cf       0x22 /usr/lib/gcc/arm-none-eabi/13.2.1/thumb/v7e-m+fp/hard/crtn.o

.comment        0x00000000       0x26
 .comment       0x00000000       0x26 /usr/lib/gcc/arm-none-eabi/13.2.1/thumb/v7e-m+fp/hard/crtbegin.o
                                 0x27 (size before relaxing)
 .comment       0x00000026       0x27 build/main.o
 .comment       0x00000026       0x27 build/stm32f4xx_it.o
 .comment       0x00000026       0x27 build/stm32f4xx_hal_msp.o
 .comment       0x00000026       0x27 build/usb_device.o
 .comment       0x00000026       0x27 build/usbd_desc.o
 .comment       0x00000026       0x27 build/usbd_cdc_if.o
 .comment       0x00000026       0x27 build/usbd_conf.o
 .comment       0x00000026       0x27 build/stm32f4xx_hal_pcd.o
 .comment       0x00000026       0x27 build/stm32f4xx_hal_pcd_ex.o
 .comment       0x00000026       0x27 build/stm32f4xx_ll_usb.o
 .comment       0x00000026       0x27 build/stm32f4xx_hal_rcc.o
 .comment       0x00000026       0x27 build/stm32f4xx_hal_gpio.o
 .comment       0x00000026       0x27 build/stm32f4xx_hal_cortex.o
 .comment       0x00000026       0x27 build/stm32f4xx_hal.o
 .comment       0x00000026       0x27 build/stm32f4xx_hal_i2c.o
 .comment       0x00000026       0x27 build/stm32f4xx_hal_uart.o
 .comment       0x00000026       0x27 build/system_stm32f4xx.o
 .comment       0x00000026       0x27 build/usbd_core.o
 .comment       0x00000026       0x27 build/usbd_ctlreq.o
 .comment       0x00000026       0x27 build/usbd_ioreq.o
 .comment       0x00000026       0x27 build/usbd_cdc.o
 .comment       0x00000026       0x27 /usr/lib/gcc/arm-none-eabi/13.2.1/../../../arm-none-eabi/lib/thumb/v7e-m+fp/hard/libc_nano.a(libc_a-init.o)
 .comment       0x00000026       0x27 /usr/lib/gcc/arm-none-eabi/13.2.1/../../../arm-none-eabi/lib/thumb/v7e-m+fp/hard/libc_nano.a(libc_a-memset.o)
 .comment       0x00000026       0x27 /usr/lib/gcc/arm-none-eabi/13.2.1/thumb/v7e-m+fp/hard/libgcc.a(_udivmoddi4.o)
 .comment       0x00000026       0x27 /usr/lib/gcc/arm-none-eabi/13.2.1/thumb/v7e-m+fp/hard/crtend.o

.debug_info     0x00000000    0x1b833
 .debug_info    0x00000000      0xfce build/main.o
 .debug_info    0x00000fce      0x70a build/stm32f4xx_it.o
 .debug_info    0x000016d8      0xe74 build/stm32f4xx_hal_msp.o
 .debug_info    0x0000254c      0x864 build/usb_device.o
 .debug_info    0x00002db0      0x644 build/usbd_desc.o
 .debug_info    0x000033f4      0xac2 build/usbd_cdc_if.o
 .debug_info    0x00003eb6     0x247f build/usbd_conf.o
 .debug_info    0x00006335     0x1f13 build/stm32f4xx_hal_pcd.o
 .debug_info    0x00008248      0x7a7 build/stm32f4xx_hal_pcd_ex.o
 .debug_info    0x000089ef     0x21de build/stm32f4xx_ll_usb.o
 .debug_info    0x0000abcd      0xbda build/stm32f4xx_hal_rcc.o
 .debug_info    0x0000b7a7      0x824 build/stm32f4xx_hal_gpio.o
 .debug_info    0x0000bfcb     0x11aa build/stm32f4xx_hal_cortex.o
 .debug_info    0x0000d175      0xadc build/stm32f4xx_hal.o
 .debug_info    0x0000dc51     0x3bec build/stm32f4xx_hal_i2c.o
 .debug_info    0x0001183d     0x436d build/stm32f4xx_hal_uart.o
 .debug_info    0x00015baa      0x59b build/system_stm32f4xx.o
 .debug_info    0x00016145     0x144a build/usbd_core.o
 .debug_info    0x0001758f     0x1599 build/usbd_ctlreq.o
 .debug_info    0x00018b28      0x9f5 build/usbd_ioreq.o
 .debug_info    0x0001951d     0x1951 build/usbd_cdc.o
 .debug_info    0x0001ae6e       0x30 build/startup_stm32f405xx.o
 .debug_info    0x0001ae9e      0x10b /usr/lib/gcc/arm-none-eabi/13.2.1/../../../arm-none-eabi/lib/thumb/v7e-m+fp/hard/libc_nano.a(libc_a-init.o)
 .debug_info    0x0001afa9      0x135 /usr/lib/gcc/arm-none-eabi/13.2.1/../../../arm-none-eabi/lib/thumb/v7e-m+fp/hard/libc_nano.a(libc_a-memset.o)
 .debug_info    0x0001b0de       0x24 /usr/lib/gcc/arm-none-eabi/13.2.1/thumb/v7e-m+fp/hard/libgcc.a(_aeabi_uldivmod.o)
 .debug_info    0x0001b102      0x6f5 /usr/lib/gcc/arm-none-eabi/13.2.1/thumb/v7e-m+fp/hard/libgcc.a(_udivmoddi4.o)
 .debug_info    0x0001b7f7       0x3c /usr/lib/gcc/arm-none-eabi/13.2.1/thumb/v7e-m+fp/hard/libgcc.a(_dvmd_tls.o)

.debug_abbrev   0x00000000     0x385a
 .debug_abbrev  0x00000000      0x25d build/main.o
 .debug_abbrev  0x0000025d      0x183 build/stm32f4xx_it.o
 .debug_abbrev  0x000003e0      0x1c1 build/stm32f4xx_hal_msp.o
 .debug_abbrev  0x000005a1      0x19c build/usb_device.o
 .debug_abbrev  0x0000073d      0x208 build/usbd_desc.o
 .debug_abbrev  0x00000945      0x2bc build/usbd_cdc_if.o
 .debug_abbrev  0x00000c01      0x34b build/usbd_conf.o
 .debug_abbrev  0x00000f4c      0x2e7 build/stm32f4xx_hal_pcd.o
 .debug_abbrev  0x00001233      0x1c5 build/stm32f4xx_hal_pcd_ex.o
 .debug_abbrev  0x000013f8      0x344 build/stm32f4xx_ll_usb.o
 .debug_abbrev  0x0000173c      0x2de build/stm32f4xx_hal_rcc.o
 .debug_abbrev  0x00001a1a      0x22b build/stm32f4xx_hal_gpio.o
 .debug_abbrev  0x00001c45      0x3ca build/stm32f4xx_hal_cortex.o
 .debug_abbrev  0x0000200f      0x244 build/stm32f4xx_hal.o
 .debug_abbrev  0x00002253      0x328 build/stm32f4xx_hal_i2c.o
 .debug_abbrev  0x0000257b      0x36f build/stm32f4xx_hal_uart.o
 .debug_abbrev  0x000028ea      0x11b build/system_stm32f4xx.o
 .debug_abbrev  0x00002a05      0x2f7 build/usbd_core.o
 .debug_abbrev  0x00002cfc      0x359 build/usbd_ctlreq.o
 .debug_abbrev  0x00003055      0x195 build/usbd_ioreq.o
 .debug_abbrev  0x000031ea      0x32f build/usbd_cdc.o
 .debug_abbrev  0x00003519       0x1d build/startup_stm32f405xx.o
 .debug_abbrev  0x00003536       0xc9 /usr/lib/gcc/arm-none-eabi/13.2.1/../../../arm-none-eabi/lib/thumb/v7e-m+fp/hard/libc_nano.a(libc_a-init.o)
 .debug_abbrev  0x000035ff       0xb7 /usr/lib/gcc/arm-none-eabi/13.2.1/../../../arm-none-eabi/lib/thumb/v7e-m+fp/hard/libc_nano.a(libc_a-memset.o)
 .debug_abbrev  0x000036b6       0x14 /usr/lib/gcc/arm-none-eabi/13.2.1/thumb/v7e-m+fp/hard/libgcc.a(_aeabi_uldivmod.o)
 .debug_abbrev  0x000036ca      0x16a /usr/lib/gcc/arm-none-eabi/13.2.1/thumb/v7e-m+fp/hard/libgcc.a(_udivmoddi4.o)
 .debug_abbrev  0x00003834       0x26 /usr/lib/gcc/arm-none-eabi/13.2.1/thumb/v7e-m+fp/hard/libgcc.a(_dvmd_tls.o)

.debug_loc      0x00000000    0x15b39
 .debug_loc     0x00000000       0xd2 build/main.o
 .debug_loc     0x000000d2       0x40 build/stm32f4xx_it.o
 .debug_loc     0x00000112      0x209 build/stm32f4xx_hal_msp.o
 .debug_loc     0x0000031b       0x20 build/usb_device.o
 .debug_loc     0x0000033b      0x4e7 build/usbd_desc.o
 .debug_loc     0x00000822      0x1e6 build/usbd_cdc_if.o
 .debug_loc     0x00000a08     0x10f3 build/usbd_conf.o
 .debug_loc     0x00001afb     0x1832 build/stm32f4xx_hal_pcd.o
 .debug_loc     0x0000332d      0x13d build/stm32f4xx_hal_pcd_ex.o
 .debug_loc     0x0000346a     0x2ac8 build/stm32f4xx_ll_usb.o
 .debug_loc     0x00005f32      0x720 build/stm32f4xx_hal_rcc.o
 .debug_loc     0x00006652      0x60b build/stm32f4xx_hal_gpio.o
 .debug_loc     0x00006c5d      0x8ff build/stm32f4xx_hal_cortex.o
 .debug_loc     0x0000755c      0x1f9 build/stm32f4xx_hal.o
 .debug_loc     0x00007755     0x54cf build/stm32f4xx_hal_i2c.o
 .debug_loc     0x0000cc24     0x5001 build/stm32f4xx_hal_uart.o
 .debug_loc     0x00011c25      0x181 build/system_stm32f4xx.o
 .debug_loc     0x00011da6     0x115f build/usbd_core.o
 .debug_loc     0x00012f05     0x1bb2 build/usbd_ctlreq.o
 .debug_loc     0x00014ab7      0x3f8 build/usbd_ioreq.o
 .debug_loc     0x00014eaf      0xc8a build/usbd_cdc.o

.debug_aranges  0x00000000     0x1090
 .debug_aranges
                0x00000000       0x48 build/main.o
 .debug_aranges
                0x00000048       0x68 build/stm32f4xx_it.o
 .debug_aranges
                0x000000b0       0x40 build/stm32f4xx_hal_msp.o
 .debug_aranges
                0x000000f0       0x20 build/usb_device.o
 .debug_aranges
                0x00000110       0x60 build/usbd_desc.o
 .debug_aranges
                0x00000170       0x48 build/usbd_cdc_if.o
 .debug_aranges
                0x000001b8      0x110 build/usbd_conf.o
 .debug_aranges
                0x000002c8      0x148 build/stm32f4xx_hal_pcd.o
 .debug_aranges
                0x00000410       0x38 build/stm32f4xx_hal_pcd_ex.o
 .debug_aranges
                0x00000448      0x1a0 build/stm32f4xx_ll_usb.o
 .debug_aranges
                0x000005e8       0x88 build/stm32f4xx_hal_rcc.o
 .debug_aranges
                0x00000670       0x58 build/stm32f4xx_hal_gpio.o
 .debug_aranges
                0x000006c8       0xf8 build/stm32f4xx_hal_cortex.o
 .debug_aranges
                0x000007c0       0xf0 build/stm32f4xx_hal.o
 .debug_aranges
                0x000008b0      0x2a8 build/stm32f4xx_hal_i2c.o
 .debug_aranges
                0x00000b58      0x208 build/stm32f4xx_hal_uart.o
 .debug_aranges
                0x00000d60       0x28 build/system_stm32f4xx.o
 .debug_aranges
                0x00000d88       0xd8 build/usbd_core.o
 .debug_aranges
                0x00000e60       0x88 build/usbd_ctlreq.o
 .debug_aranges
                0x00000ee8       0x50 build/usbd_ioreq.o
 .debug_aranges
                0x00000f38       0x90 build/usbd_cdc.o
 .debug_aranges
                0x00000fc8       0x28 build/startup_stm32f405xx.o
 .debug_aranges
                0x00000ff0       0x20 /usr/lib/gcc/arm-none-eabi/13.2.1/../../../arm-none-eabi/lib/thumb/v7e-m+fp/hard/libc_nano.a(libc_a-init.o)
 .debug_aranges
                0x00001010       0x20 /usr/lib/gcc/arm-none-eabi/13.2.1/../../../arm-none-eabi/lib/thumb/v7e-m+fp/hard/libc_nano.a(libc_a-memset.o)
 .debug_aranges
                0x00001030       0x20 /usr/lib/gcc/arm-none-eabi/13.2.1/thumb/v7e-m+fp/hard/libgcc.a(_aeabi_uldivmod.o)
 .debug_aranges
                0x00001050       0x20 /usr/lib/gcc/arm-none-eabi/13.2.1/thumb/v7e-m+fp/hard/libgcc.a(_udivmoddi4.o)
 .debug_aranges
                0x00001070       0x20 /usr/lib/gcc/arm-none-eabi/13.2.1/thumb/v7e-m+fp/hard/libgcc.a(_dvmd_tls.o)

.debug_ranges   0x00000000      0xee0
 .debug_ranges  0x00000000       0x38 build/main.o
 .debug_ranges  0x00000038       0x58 build/stm32f4xx_it.o
 .debug_ranges  0x00000090       0x30 build/stm32f4xx_hal_msp.o
 .debug_ranges  0x000000c0       0x10 build/usb_device.o
 .debug_ranges  0x000000d0       0x50 build/usbd_desc.o
 .debug_ranges  0x00000120       0x38 build/usbd_cdc_if.o
 .debug_ranges  0x00000158      0x100 build/usbd_conf.o
 .debug_ranges  0x00000258      0x138 build/stm32f4xx_hal_pcd.o
 .debug_ranges  0x00000390       0x28 build/stm32f4xx_hal_pcd_ex.o
 .debug_ranges  0x000003b8      0x190 build/stm32f4xx_ll_usb.o
 .debug_ranges  0x00000548       0x90 build/stm32f4xx_hal_rcc.o
 .debug_ranges  0x000005d8       0x48 build/stm32f4xx_hal_gpio.o
 .debug_ranges  0x00000620       0xe8 build/stm32f4xx_hal_cortex.o
 .debug_ranges  0x00000708       0xe0 build/stm32f4xx_hal.o
 .debug_ranges  0x000007e8      0x2b0 build/stm32f4xx_hal_i2c.o
 .debug_ranges  0x00000a98      0x210 build/stm32f4xx_hal_uart.o
 .debug_ranges  0x00000ca8       0x18 build/system_stm32f4xx.o
 .debug_ranges  0x00000cc0       0xc8 build/usbd_core.o
 .debug_ranges  0x00000d88       0x78 build/usbd_ctlreq.o
 .debug_ranges  0x00000e00       0x40 build/usbd_ioreq.o
 .debug_ranges  0x00000e40       0x80 build/usbd_cdc.o
 .debug_ranges  0x00000ec0       0x20 build/startup_stm32f405xx.o

.debug_line     0x00000000    0x11ddf
 .debug_line    0x00000000      0x3d7 build/main.o
 .debug_line    0x000003d7      0x20b build/stm32f4xx_it.o
 .debug_line    0x000005e2      0x291 build/stm32f4xx_hal_msp.o
 .debug_line    0x00000873      0x194 build/usb_device.o
 .debug_line    0x00000a07      0x2af build/usbd_desc.o
 .debug_line    0x00000cb6      0x1e0 build/usbd_cdc_if.o
 .debug_line    0x00000e96      0x795 build/usbd_conf.o
 .debug_line    0x0000162b     0x13cc build/stm32f4xx_hal_pcd.o
 .debug_line    0x000029f7      0x21b build/stm32f4xx_hal_pcd_ex.o
 .debug_line    0x00002c12     0x1ed3 build/stm32f4xx_ll_usb.o
 .debug_line    0x00004ae5      0xb38 build/stm32f4xx_hal_rcc.o
 .debug_line    0x0000561d      0x670 build/stm32f4xx_hal_gpio.o
 .debug_line    0x00005c8d      0x7a5 build/stm32f4xx_hal_cortex.o
 .debug_line    0x00006432      0x4e2 build/stm32f4xx_hal.o
 .debug_line    0x00006914     0x53ec build/stm32f4xx_hal_i2c.o
 .debug_line    0x0000bd00     0x3438 build/stm32f4xx_hal_uart.o
 .debug_line    0x0000f138      0x1c9 build/system_stm32f4xx.o
 .debug_line    0x0000f301      0x94a build/usbd_core.o
 .debug_line    0x0000fc4b      0xc99 build/usbd_ctlreq.o
 .debug_line    0x000108e4      0x221 build/usbd_ioreq.o
 .debug_line    0x00010b05      0x987 build/usbd_cdc.o
 .debug_line    0x0001148c       0x73 build/startup_stm32f405xx.o
 .debug_line    0x000114ff      0x11e /usr/lib/gcc/arm-none-eabi/13.2.1/../../../arm-none-eabi/lib/thumb/v7e-m+fp/hard/libc_nano.a(libc_a-init.o)
 .debug_line    0x0001161d      0x1b6 /usr/lib/gcc/arm-none-eabi/13.2.1/../../../arm-none-eabi/lib/thumb/v7e-m+fp/hard/libc_nano.a(libc_a-memset.o)
 .debug_line    0x000117d3       0x4e /usr/lib/gcc/arm-none-eabi/13.2.1/thumb/v7e-m+fp/hard/libgcc.a(_aeabi_uldivmod.o)
 .debug_line    0x00011821      0x574 /usr/lib/gcc/arm-none-eabi/13.2.1/thumb/v7e-m+fp/hard/libgcc.a(_udivmoddi4.o)
 .debug_line    0x00011d95       0x4a /usr/lib/gcc/arm-none-eabi/13.2.1/thumb/v7e-m+fp/hard/libgcc.a(_dvmd_tls.o)

.debug_str      0x00000000     0x5423
 .debug_str     0x00000000     0x5423 build/main.o
                                0xb71 (size before relaxing)
 .debug_str     0x00005423      0x616 build/stm32f4xx_it.o
 .debug_str     0x00005423      0xa26 build/stm32f4xx_hal_msp.o
 .debug_str     0x00005423      0x670 build/usb_device.o
 .debug_str     0x00005423      0x412 build/usbd_desc.o
 .debug_str     0x00005423      0x73e build/usbd_cdc_if.o
 .debug_str     0x00005423     0x1567 build/usbd_conf.o
 .debug_str     0x00005423      0xdb9 build/stm32f4xx_hal_pcd.o
 .debug_str     0x00005423      0x6f7 build/stm32f4xx_hal_pcd_ex.o
 .debug_str     0x00005423      0xce2 build/stm32f4xx_ll_usb.o
 .debug_str     0x00005423      0x6af build/stm32f4xx_hal_rcc.o
 .debug_str     0x00005423      0x494 build/stm32f4xx_hal_gpio.o
 .debug_str     0x00005423      0xc09 build/stm32f4xx_hal_cortex.o
 .debug_str     0x00005423      0xb0c build/stm32f4xx_hal.o
 .debug_str     0x00005423      0xff1 build/stm32f4xx_hal_i2c.o
 .debug_str     0x00005423      0xd44 build/stm32f4xx_hal_uart.o
 .debug_str     0x00005423      0x334 build/system_stm32f4xx.o
 .debug_str     0x00005423      0x98b build/usbd_core.o
 .debug_str     0x00005423      0x7b6 build/usbd_ctlreq.o
 .debug_str     0x00005423      0x68b build/usbd_ioreq.o
 .debug_str     0x00005423      0xd42 build/usbd_cdc.o
 .debug_str     0x00005423       0x54 build/startup_stm32f405xx.o
 .debug_str     0x00005423      0x1fa /usr/lib/gcc/arm-none-eabi/13.2.1/../../../arm-none-eabi/lib/thumb/v7e-m+fp/hard/libc_nano.a(libc_a-init.o)
 .debug_str     0x00005423      0x1ad /usr/lib/gcc/arm-none-eabi/13.2.1/../../../arm-none-eabi/lib/thumb/v7e-m+fp/hard/libc_nano.a(libc_a-memset.o)
 .debug_str     0x00005423       0xa3 /usr/lib/gcc/arm-none-eabi/13.2.1/thumb/v7e-m+fp/hard/libgcc.a(_aeabi_uldivmod.o)
 .debug_str     0x00005423      0x685 /usr/lib/gcc/arm-none-eabi/13.2.1/thumb/v7e-m+fp/hard/libgcc.a(_udivmoddi4.o)
 .debug_str     0x00005423       0xc3 /usr/lib/gcc/arm-none-eabi/13.2.1/thumb/v7e-m+fp/hard/libgcc.a(_dvmd_tls.o)

.debug_frame    0x00000000     0x2b80
 .debug_frame   0x00000000       0xa0 build/main.o
 .debug_frame   0x000000a0       0xc0 build/stm32f4xx_it.o
 .debug_frame   0x00000160       0x9c build/stm32f4xx_hal_msp.o
 .debug_frame   0x000001fc       0x28 build/usb_device.o
 .debug_frame   0x00000224       0xe0 build/usbd_desc.o
 .debug_frame   0x00000304       0x88 build/usbd_cdc_if.o
 .debug_frame   0x0000038c      0x2e4 build/usbd_conf.o
 .debug_frame   0x00000670      0x388 build/stm32f4xx_hal_pcd.o
 .debug_frame   0x000009f8       0x5c build/stm32f4xx_hal_pcd_ex.o
 .debug_frame   0x00000a54      0x494 build/stm32f4xx_ll_usb.o
 .debug_frame   0x00000ee8      0x16c build/stm32f4xx_hal_rcc.o
 .debug_frame   0x00001054       0xd8 build/stm32f4xx_hal_gpio.o
 .debug_frame   0x0000112c      0x214 build/stm32f4xx_hal_cortex.o
 .debug_frame   0x00001340      0x1ec build/stm32f4xx_hal.o
 .debug_frame   0x0000152c      0x988 build/stm32f4xx_hal_i2c.o
 .debug_frame   0x00001eb4      0x5dc build/stm32f4xx_hal_uart.o
 .debug_frame   0x00002490       0x30 build/system_stm32f4xx.o
 .debug_frame   0x000024c0      0x240 build/usbd_core.o
 .debug_frame   0x00002700      0x180 build/usbd_ctlreq.o
 .debug_frame   0x00002880       0xb8 build/usbd_ioreq.o
 .debug_frame   0x00002938      0x190 build/usbd_cdc.o
 .debug_frame   0x00002ac8       0x2c /usr/lib/gcc/arm-none-eabi/13.2.1/../../../arm-none-eabi/lib/thumb/v7e-m+fp/hard/libc_nano.a(libc_a-init.o)
 .debug_frame   0x00002af4       0x2c /usr/lib/gcc/arm-none-eabi/13.2.1/../../../arm-none-eabi/lib/thumb/v7e-m+fp/hard/libc_nano.a(libc_a-memset.o)
 .debug_frame   0x00002b20       0x2c /usr/lib/gcc/arm-none-eabi/13.2.1/thumb/v7e-m+fp/hard/libgcc.a(_aeabi_uldivmod.o)
 .debug_frame   0x00002b4c       0x34 /usr/lib/gcc/arm-none-eabi/13.2.1/thumb/v7e-m+fp/hard/libgcc.a(_udivmoddi4.o)

.debug_loclists
                0x00000000      0xc0b
 .debug_loclists
                0x00000000       0x65 /usr/lib/gcc/arm-none-eabi/13.2.1/../../../arm-none-eabi/lib/thumb/v7e-m+fp/hard/libc_nano.a(libc_a-init.o)
 .debug_loclists
                0x00000065      0x1c2 /usr/lib/gcc/arm-none-eabi/13.2.1/../../../arm-none-eabi/lib/thumb/v7e-m+fp/hard/libc_nano.a(libc_a-memset.o)
 .debug_loclists
                0x00000227      0x9e4 /usr/lib/gcc/arm-none-eabi/13.2.1/thumb/v7e-m+fp/hard/libgcc.a(_udivmoddi4.o)

.debug_line_str
                0x00000000       0xa3
 .debug_line_str
                0x00000000       0xa3 /usr/lib/gcc/arm-none-eabi/13.2.1/thumb/v7e-m+fp/hard/libgcc.a(_aeabi_uldivmod.o)
                                 0x97 (size before relaxing)
 .debug_line_str
                0x000000a3       0x9b /usr/lib/gcc/arm-none-eabi/13.2.1/thumb/v7e-m+fp/hard/libgcc.a(_dvmd_tls.o)

.debug_rnglists
                0x00000000       0x84
 .debug_rnglists
                0x00000000       0x84 /usr/lib/gcc/arm-none-eabi/13.2.1/thumb/v7e-m+fp/hard/libgcc.a(_udivmoddi4.o)

Cross Reference Table

Symbol                                            File
ADC_IRQHandler                                    build/startup_stm32f405xx.o
AHBPrescTable                                     build/system_stm32f4xx.o
                                                  build/stm32f4xx_hal_rcc.o
APBPrescTable                                     build/system_stm32f4xx.o
                                                  build/stm32f4xx_hal_rcc.o
BusFault_Handler                                  build/stm32f4xx_it.o
CAN1_RX0_IRQHandler                               build/startup_stm32f405xx.o
CAN1_RX1_IRQHandler                               build/startup_stm32f405xx.o
CAN1_SCE_IRQHandler                               build/startup_stm32f405xx.o
CAN1_TX_IRQHandler                                build/startup_stm32f405xx.o
CAN2_RX0_IRQHandler                               build/startup_stm32f405xx.o
CAN2_RX1_IRQHandler                               build/startup_stm32f405xx.o
CAN2_SCE_IRQHandler                               build/startup_stm32f405xx.o
CAN2_TX_IRQHandler                                build/startup_stm32f405xx.o
CDC_Transmit_FS                                   build/usbd_cdc_if.o
DMA1_Stream0_IRQHandler                           build/startup_stm32f405xx.o
DMA1_Stream1_IRQHandler                           build/startup_stm32f405xx.o
DMA1_Stream2_IRQHandler                           build/startup_stm32f405xx.o
DMA1_Stream3_IRQHandler                           build/startup_stm32f405xx.o
DMA1_Stream4_IRQHandler                           build/startup_stm32f405xx.o
DMA1_Stream5_IRQHandler                           build/startup_stm32f405xx.o
DMA1_Stream6_IRQHandler                           build/startup_stm32f405xx.o
DMA1_Stream7_IRQHandler                           build/startup_stm32f405xx.o
DMA2_Stream0_IRQHandler                           build/startup_stm32f405xx.o
DMA2_Stream1_IRQHandler                           build/startup_stm32f405xx.o
DMA2_Stream2_IRQHandler                           build/startup_stm32f405xx.o
DMA2_Stream3_IRQHandler                           build/startup_stm32f405xx.o
DMA2_Stream4_IRQHandler                           build/startup_stm32f405xx.o
DMA2_Stream5_IRQHandler                           build/startup_stm32f405xx.o
DMA2_Stream6_IRQHandler                           build/startup_stm32f405xx.o
DMA2_Stream7_IRQHandler                           build/startup_stm32f405xx.o
DebugMon_Handler                                  build/stm32f4xx_it.o
Default_Handler                                   build/startup_stm32f405xx.o
EXTI0_IRQHandler                                  build/startup_stm32f405xx.o
EXTI15_10_IRQHandler                              build/startup_stm32f405xx.o
EXTI1_IRQHandler                                  build/startup_stm32f405xx.o
EXTI2_IRQHandler                                  build/startup_stm32f405xx.o
EXTI3_IRQHandler                                  build/startup_stm32f405xx.o
EXTI4_IRQHandler                                  build/startup_stm32f405xx.o
EXTI9_5_IRQHandler                                build/startup_stm32f405xx.o
Error_Handler                                     build/main.o
                                                  build/usbd_conf.o
                                                  build/usb_device.o
FLASH_Erase_Sector                                build/stm32f4xx_hal_flash_ex.o
                                                  build/stm32f4xx_hal_flash.o
FLASH_FlushCaches                                 build/stm32f4xx_hal_flash_ex.o
                                                  build/stm32f4xx_hal_flash.o
FLASH_IRQHandler                                  build/startup_stm32f405xx.o
FLASH_WaitForLastOperation                        build/stm32f4xx_hal_flash.o
                                                  build/stm32f4xx_hal_flash_ex.o
FPU_IRQHandler                                    build/startup_stm32f405xx.o
FSMC_IRQHandler                                   build/startup_stm32f405xx.o
FS_Desc                                           build/usbd_desc.o
                                                  build/usb_device.o
HAL_CORTEX_ClearEvent                             build/stm32f4xx_hal_cortex.o
HAL_DBGMCU_DisableDBGSleepMode                    build/stm32f4xx_hal.o
HAL_DBGMCU_DisableDBGStandbyMode                  build/stm32f4xx_hal.o
HAL_DBGMCU_DisableDBGStopMode                     build/stm32f4xx_hal.o
HAL_DBGMCU_EnableDBGSleepMode                     build/stm32f4xx_hal.o
HAL_DBGMCU_EnableDBGStandbyMode                   build/stm32f4xx_hal.o
HAL_DBGMCU_EnableDBGStopMode                      build/stm32f4xx_hal.o
HAL_DMAEx_ChangeMemory                            build/stm32f4xx_hal_dma_ex.o
HAL_DMAEx_MultiBufferStart                        build/stm32f4xx_hal_dma_ex.o
HAL_DMAEx_MultiBufferStart_IT                     build/stm32f4xx_hal_dma_ex.o
HAL_DMA_Abort                                     build/stm32f4xx_hal_dma.o
                                                  build/stm32f4xx_hal_uart.o
HAL_DMA_Abort_IT                                  build/stm32f4xx_hal_dma.o
                                                  build/stm32f4xx_hal_uart.o
                                                  build/stm32f4xx_hal_i2c.o
HAL_DMA_DeInit                                    build/stm32f4xx_hal_dma.o
HAL_DMA_GetError                                  build/stm32f4xx_hal_dma.o
                                                  build/stm32f4xx_hal_uart.o
                                                  build/stm32f4xx_hal_i2c.o
HAL_DMA_GetState                                  build/stm32f4xx_hal_dma.o
                                                  build/stm32f4xx_hal_i2c.o
HAL_DMA_IRQHandler                                build/stm32f4xx_hal_dma.o
HAL_DMA_Init                                      build/stm32f4xx_hal_dma.o
HAL_DMA_PollForTransfer                           build/stm32f4xx_hal_dma.o
HAL_DMA_RegisterCallback                          build/stm32f4xx_hal_dma.o
HAL_DMA_Start                                     build/stm32f4xx_hal_dma.o
HAL_DMA_Start_IT                                  build/stm32f4xx_hal_dma.o
                                                  build/stm32f4xx_hal_uart.o
                                                  build/stm32f4xx_hal_i2c.o
HAL_DMA_UnRegisterCallback                        build/stm32f4xx_hal_dma.o
HAL_DeInit                                        build/stm32f4xx_hal.o
HAL_Delay                                         build/stm32f4xx_hal.o
                                                  build/stm32f4xx_ll_usb.o
                                                  build/usbd_conf.o
HAL_DisableCompensationCell                       build/stm32f4xx_hal.o
HAL_EXTI_ClearConfigLine                          build/stm32f4xx_hal_exti.o
HAL_EXTI_ClearPending                             build/stm32f4xx_hal_exti.o
HAL_EXTI_GenerateSWI                              build/stm32f4xx_hal_exti.o
HAL_EXTI_GetConfigLine                            build/stm32f4xx_hal_exti.o
HAL_EXTI_GetHandle                                build/stm32f4xx_hal_exti.o
HAL_EXTI_GetPending                               build/stm32f4xx_hal_exti.o
HAL_EXTI_IRQHandler                               build/stm32f4xx_hal_exti.o
HAL_EXTI_RegisterCallback                         build/stm32f4xx_hal_exti.o
HAL_EXTI_SetConfigLine                            build/stm32f4xx_hal_exti.o
HAL_EnableCompensationCell                        build/stm32f4xx_hal.o
HAL_FLASHEx_Erase                                 build/stm32f4xx_hal_flash_ex.o
HAL_FLASHEx_Erase_IT                              build/stm32f4xx_hal_flash_ex.o
HAL_FLASHEx_OBGetConfig                           build/stm32f4xx_hal_flash_ex.o
HAL_FLASHEx_OBProgram                             build/stm32f4xx_hal_flash_ex.o
HAL_FLASH_EndOfOperationCallback                  build/stm32f4xx_hal_flash.o
HAL_FLASH_GetError                                build/stm32f4xx_hal_flash.o
HAL_FLASH_IRQHandler                              build/stm32f4xx_hal_flash.o
HAL_FLASH_Lock                                    build/stm32f4xx_hal_flash.o
HAL_FLASH_OB_Launch                               build/stm32f4xx_hal_flash.o
HAL_FLASH_OB_Lock                                 build/stm32f4xx_hal_flash.o
HAL_FLASH_OB_Unlock                               build/stm32f4xx_hal_flash.o
HAL_FLASH_OperationErrorCallback                  build/stm32f4xx_hal_flash.o
HAL_FLASH_Program                                 build/stm32f4xx_hal_flash.o
HAL_FLASH_Program_IT                              build/stm32f4xx_hal_flash.o
HAL_FLASH_Unlock                                  build/stm32f4xx_hal_flash.o
HAL_GPIO_DeInit                                   build/stm32f4xx_hal_gpio.o
                                                  build/usbd_conf.o
                                                  build/stm32f4xx_hal_msp.o
HAL_GPIO_EXTI_Callback                            build/stm32f4xx_hal_gpio.o
HAL_GPIO_EXTI_IRQHandler                          build/stm32f4xx_hal_gpio.o
HAL_GPIO_Init                                     build/stm32f4xx_hal_gpio.o
                                                  build/stm32f4xx_hal_rcc.o
                                                  build/usbd_conf.o
                                                  build/stm32f4xx_hal_msp.o
HAL_GPIO_LockPin                                  build/stm32f4xx_hal_gpio.o
HAL_GPIO_ReadPin                                  build/stm32f4xx_hal_gpio.o
HAL_GPIO_TogglePin                                build/stm32f4xx_hal_gpio.o
HAL_GPIO_WritePin                                 build/stm32f4xx_hal_gpio.o
HAL_GetDEVID                                      build/stm32f4xx_hal.o
HAL_GetHalVersion                                 build/stm32f4xx_hal.o
HAL_GetREVID                                      build/stm32f4xx_hal.o
HAL_GetTick                                       build/stm32f4xx_hal.o
                                                  build/stm32f4xx_hal_uart.o
                                                  build/stm32f4xx_hal_i2c.o
                                                  build/stm32f4xx_hal_pwr_ex.o
                                                  build/stm32f4xx_hal_dma.o
                                                  build/stm32f4xx_hal_flash.o
                                                  build/stm32f4xx_hal_rcc_ex.o
                                                  build/stm32f4xx_hal_rcc.o
HAL_GetTickFreq                                   build/stm32f4xx_hal.o
HAL_GetTickPrio                                   build/stm32f4xx_hal.o
HAL_GetUIDw0                                      build/stm32f4xx_hal.o
HAL_GetUIDw1                                      build/stm32f4xx_hal.o
HAL_GetUIDw2                                      build/stm32f4xx_hal.o
HAL_HalfDuplex_EnableReceiver                     build/stm32f4xx_hal_uart.o
HAL_HalfDuplex_EnableTransmitter                  build/stm32f4xx_hal_uart.o
HAL_HalfDuplex_Init                               build/stm32f4xx_hal_uart.o
HAL_I2C_AbortCpltCallback                         build/stm32f4xx_hal_i2c.o
HAL_I2C_AddrCallback                              build/stm32f4xx_hal_i2c.o
HAL_I2C_DeInit                                    build/stm32f4xx_hal_i2c.o
HAL_I2C_DisableListen_IT                          build/stm32f4xx_hal_i2c.o
HAL_I2C_ER_IRQHandler                             build/stm32f4xx_hal_i2c.o
HAL_I2C_EV_IRQHandler                             build/stm32f4xx_hal_i2c.o
HAL_I2C_EnableListen_IT                           build/stm32f4xx_hal_i2c.o
HAL_I2C_ErrorCallback                             build/stm32f4xx_hal_i2c.o
HAL_I2C_GetError                                  build/stm32f4xx_hal_i2c.o
HAL_I2C_GetMode                                   build/stm32f4xx_hal_i2c.o
HAL_I2C_GetState                                  build/stm32f4xx_hal_i2c.o
HAL_I2C_Init                                      build/stm32f4xx_hal_i2c.o
                                                  build/main.o
HAL_I2C_IsDeviceReady                             build/stm32f4xx_hal_i2c.o
HAL_I2C_ListenCpltCallback                        build/stm32f4xx_hal_i2c.o
HAL_I2C_MasterRxCpltCallback                      build/stm32f4xx_hal_i2c.o
HAL_I2C_MasterTxCpltCallback                      build/stm32f4xx_hal_i2c.o
HAL_I2C_Master_Abort_IT                           build/stm32f4xx_hal_i2c.o
HAL_I2C_Master_Receive                            build/stm32f4xx_hal_i2c.o
HAL_I2C_Master_Receive_DMA                        build/stm32f4xx_hal_i2c.o
HAL_I2C_Master_Receive_IT                         build/stm32f4xx_hal_i2c.o
HAL_I2C_Master_Seq_Receive_DMA                    build/stm32f4xx_hal_i2c.o
HAL_I2C_Master_Seq_Receive_IT                     build/stm32f4xx_hal_i2c.o
HAL_I2C_Master_Seq_Transmit_DMA                   build/stm32f4xx_hal_i2c.o
HAL_I2C_Master_Seq_Transmit_IT                    build/stm32f4xx_hal_i2c.o
HAL_I2C_Master_Transmit                           build/stm32f4xx_hal_i2c.o
HAL_I2C_Master_Transmit_DMA                       build/stm32f4xx_hal_i2c.o
HAL_I2C_Master_Transmit_IT                        build/stm32f4xx_hal_i2c.o
HAL_I2C_MemRxCpltCallback                         build/stm32f4xx_hal_i2c.o
HAL_I2C_MemTxCpltCallback                         build/stm32f4xx_hal_i2c.o
HAL_I2C_Mem_Read                                  build/stm32f4xx_hal_i2c.o
HAL_I2C_Mem_Read_DMA                              build/stm32f4xx_hal_i2c.o
HAL_I2C_Mem_Read_IT                               build/stm32f4xx_hal_i2c.o
HAL_I2C_Mem_Write                                 build/stm32f4xx_hal_i2c.o
HAL_I2C_Mem_Write_DMA                             build/stm32f4xx_hal_i2c.o
HAL_I2C_Mem_Write_IT                              build/stm32f4xx_hal_i2c.o
HAL_I2C_MspDeInit                                 build/stm32f4xx_hal_msp.o
HAL_I2C_MspInit                                   build/stm32f4xx_hal_msp.o
HAL_I2C_SlaveRxCpltCallback                       build/stm32f4xx_hal_i2c.o
HAL_I2C_SlaveTxCpltCallback                       build/stm32f4xx_hal_i2c.o
HAL_I2C_Slave_Receive                             build/stm32f4xx_hal_i2c.o
HAL_I2C_Slave_Receive_DMA                         build/stm32f4xx_hal_i2c.o
HAL_I2C_Slave_Receive_IT                          build/stm32f4xx_hal_i2c.o
HAL_I2C_Slave_Seq_Receive_DMA                     build/stm32f4xx_hal_i2c.o
HAL_I2C_Slave_Seq_Receive_IT                      build/stm32f4xx_hal_i2c.o
HAL_I2C_Slave_Seq_Transmit_DMA                    build/stm32f4xx_hal_i2c.o
HAL_I2C_Slave_Seq_Transmit_IT                     build/stm32f4xx_hal_i2c.o
HAL_I2C_Slave_Transmit                            build/stm32f4xx_hal_i2c.o
HAL_I2C_Slave_Transmit_DMA                        build/stm32f4xx_hal_i2c.o
HAL_I2C_Slave_Transmit_IT                         build/stm32f4xx_hal_i2c.o
HAL_IncTick                                       build/stm32f4xx_hal.o
                                                  build/stm32f4xx_it.o
HAL_Init                                          build/stm32f4xx_hal.o
                                                  build/main.o
HAL_InitTick                                      build/stm32f4xx_hal.o
                                                  build/stm32f4xx_hal_rcc_ex.o
                                                  build/stm32f4xx_hal_rcc.o
HAL_LIN_Init                                      build/stm32f4xx_hal_uart.o
HAL_LIN_SendBreak                                 build/stm32f4xx_hal_uart.o
HAL_MPU_ConfigRegion                              build/stm32f4xx_hal_cortex.o
HAL_MPU_Disable                                   build/stm32f4xx_hal_cortex.o
HAL_MPU_DisableRegion                             build/stm32f4xx_hal_cortex.o
HAL_MPU_Enable                                    build/stm32f4xx_hal_cortex.o
HAL_MPU_EnableRegion                              build/stm32f4xx_hal_cortex.o
HAL_MspDeInit                                     build/stm32f4xx_hal.o
HAL_MspInit                                       build/stm32f4xx_hal_msp.o
HAL_MultiProcessor_EnterMuteMode                  build/stm32f4xx_hal_uart.o
HAL_MultiProcessor_ExitMuteMode                   build/stm32f4xx_hal_uart.o
HAL_MultiProcessor_Init                           build/stm32f4xx_hal_uart.o
HAL_NVIC_ClearPendingIRQ                          build/stm32f4xx_hal_cortex.o
HAL_NVIC_DisableIRQ                               build/stm32f4xx_hal_cortex.o
                                                  build/usbd_conf.o
HAL_NVIC_EnableIRQ                                build/stm32f4xx_hal_cortex.o
                                                  build/usbd_conf.o
HAL_NVIC_GetActive                                build/stm32f4xx_hal_cortex.o
HAL_NVIC_GetPendingIRQ                            build/stm32f4xx_hal_cortex.o
HAL_NVIC_GetPriority                              build/stm32f4xx_hal_cortex.o
HAL_NVIC_GetPriorityGrouping                      build/stm32f4xx_hal_cortex.o
HAL_NVIC_SetPendingIRQ                            build/stm32f4xx_hal_cortex.o
HAL_NVIC_SetPriority                              build/stm32f4xx_hal_cortex.o
                                                  build/stm32f4xx_hal.o
                                                  build/usbd_conf.o
HAL_NVIC_SetPriorityGrouping                      build/stm32f4xx_hal_cortex.o
                                                  build/stm32f4xx_hal.o
HAL_NVIC_SystemReset                              build/stm32f4xx_hal_cortex.o
HAL_PCDEx_BCD_Callback                            build/stm32f4xx_hal_pcd_ex.o
HAL_PCDEx_LPM_Callback                            build/stm32f4xx_hal_pcd_ex.o
                                                  build/stm32f4xx_hal_pcd.o
HAL_PCDEx_SetRxFiFo                               build/stm32f4xx_hal_pcd_ex.o
                                                  build/usbd_conf.o
HAL_PCDEx_SetTxFiFo                               build/stm32f4xx_hal_pcd_ex.o
                                                  build/usbd_conf.o
HAL_PCD_ActivateRemoteWakeup                      build/stm32f4xx_hal_pcd.o
HAL_PCD_ConnectCallback                           build/usbd_conf.o
HAL_PCD_DataInStageCallback                       build/usbd_conf.o
HAL_PCD_DataOutStageCallback                      build/usbd_conf.o
HAL_PCD_DeActivateRemoteWakeup                    build/stm32f4xx_hal_pcd.o
HAL_PCD_DeInit                                    build/stm32f4xx_hal_pcd.o
                                                  build/usbd_conf.o
HAL_PCD_DevConnect                                build/stm32f4xx_hal_pcd.o
HAL_PCD_DevDisconnect                             build/stm32f4xx_hal_pcd.o
HAL_PCD_DisconnectCallback                        build/usbd_conf.o
HAL_PCD_EP_Abort                                  build/stm32f4xx_hal_pcd.o
HAL_PCD_EP_Close                                  build/stm32f4xx_hal_pcd.o
                                                  build/usbd_conf.o
HAL_PCD_EP_ClrStall                               build/stm32f4xx_hal_pcd.o
                                                  build/usbd_conf.o
HAL_PCD_EP_Flush                                  build/stm32f4xx_hal_pcd.o
                                                  build/usbd_conf.o
HAL_PCD_EP_GetRxCount                             build/stm32f4xx_hal_pcd.o
                                                  build/usbd_conf.o
HAL_PCD_EP_Open                                   build/stm32f4xx_hal_pcd.o
                                                  build/usbd_conf.o
HAL_PCD_EP_Receive                                build/stm32f4xx_hal_pcd.o
                                                  build/usbd_conf.o
HAL_PCD_EP_SetStall                               build/stm32f4xx_hal_pcd.o
                                                  build/usbd_conf.o
HAL_PCD_EP_Transmit                               build/stm32f4xx_hal_pcd.o
                                                  build/usbd_conf.o
HAL_PCD_GetState                                  build/stm32f4xx_hal_pcd.o
HAL_PCD_IRQHandler                                build/stm32f4xx_hal_pcd.o
                                                  build/stm32f4xx_it.o
HAL_PCD_ISOINIncompleteCallback                   build/usbd_conf.o
HAL_PCD_ISOOUTIncompleteCallback                  build/usbd_conf.o
HAL_PCD_Init                                      build/stm32f4xx_hal_pcd.o
                                                  build/usbd_conf.o
HAL_PCD_MspDeInit                                 build/usbd_conf.o
HAL_PCD_MspInit                                   build/usbd_conf.o
HAL_PCD_ResetCallback                             build/usbd_conf.o
HAL_PCD_ResumeCallback                            build/usbd_conf.o
HAL_PCD_SOFCallback                               build/usbd_conf.o
HAL_PCD_SetAddress                                build/stm32f4xx_hal_pcd.o
                                                  build/usbd_conf.o
HAL_PCD_SetTestMode                               build/stm32f4xx_hal_pcd.o
HAL_PCD_SetupStageCallback                        build/usbd_conf.o
HAL_PCD_Start                                     build/stm32f4xx_hal_pcd.o
                                                  build/usbd_conf.o
HAL_PCD_Stop                                      build/stm32f4xx_hal_pcd.o
                                                  build/usbd_conf.o
HAL_PCD_SuspendCallback                           build/usbd_conf.o
HAL_PCD_WKUP_IRQHandler                           build/stm32f4xx_hal_pcd.o
HAL_PWREx_ControlVoltageScaling                   build/stm32f4xx_hal_pwr_ex.o
HAL_PWREx_DisableBkUpReg                          build/stm32f4xx_hal_pwr_ex.o
HAL_PWREx_DisableFlashPowerDown                   build/stm32f4xx_hal_pwr_ex.o
HAL_PWREx_EnableBkUpReg                           build/stm32f4xx_hal_pwr_ex.o
HAL_PWREx_EnableFlashPowerDown                    build/stm32f4xx_hal_pwr_ex.o
HAL_PWREx_GetVoltageRange                         build/stm32f4xx_hal_pwr_ex.o
HAL_PWR_ConfigPVD                                 build/stm32f4xx_hal_pwr.o
HAL_PWR_DeInit                                    build/stm32f4xx_hal_pwr.o
HAL_PWR_DisableBkUpAccess                         build/stm32f4xx_hal_pwr.o
HAL_PWR_DisablePVD                                build/stm32f4xx_hal_pwr.o
HAL_PWR_DisableSEVOnPend                          build/stm32f4xx_hal_pwr.o
HAL_PWR_DisableSleepOnExit                        build/stm32f4xx_hal_pwr.o
HAL_PWR_DisableWakeUpPin                          build/stm32f4xx_hal_pwr.o
HAL_PWR_EnableBkUpAccess                          build/stm32f4xx_hal_pwr.o
HAL_PWR_EnablePVD                                 build/stm32f4xx_hal_pwr.o
HAL_PWR_EnableSEVOnPend                           build/stm32f4xx_hal_pwr.o
HAL_PWR_EnableSleepOnExit                         build/stm32f4xx_hal_pwr.o
HAL_PWR_EnableWakeUpPin                           build/stm32f4xx_hal_pwr.o
HAL_PWR_EnterSLEEPMode                            build/stm32f4xx_hal_pwr.o
HAL_PWR_EnterSTANDBYMode                          build/stm32f4xx_hal_pwr.o
HAL_PWR_EnterSTOPMode                             build/stm32f4xx_hal_pwr.o
HAL_PWR_PVDCallback                               build/stm32f4xx_hal_pwr.o
HAL_PWR_PVD_IRQHandler                            build/stm32f4xx_hal_pwr.o
HAL_RCCEx_DisablePLLI2S                           build/stm32f4xx_hal_rcc_ex.o
HAL_RCCEx_EnablePLLI2S                            build/stm32f4xx_hal_rcc_ex.o
HAL_RCCEx_GetPeriphCLKConfig                      build/stm32f4xx_hal_rcc_ex.o
HAL_RCCEx_GetPeriphCLKFreq                        build/stm32f4xx_hal_rcc_ex.o
HAL_RCCEx_PeriphCLKConfig                         build/stm32f4xx_hal_rcc_ex.o
HAL_RCC_CSSCallback                               build/stm32f4xx_hal_rcc.o
HAL_RCC_ClockConfig                               build/stm32f4xx_hal_rcc.o
                                                  build/main.o
HAL_RCC_DeInit                                    build/stm32f4xx_hal_rcc_ex.o
                                                  build/stm32f4xx_hal_rcc.o
HAL_RCC_DisableCSS                                build/stm32f4xx_hal_rcc.o
HAL_RCC_EnableCSS                                 build/stm32f4xx_hal_rcc.o
HAL_RCC_GetClockConfig                            build/stm32f4xx_hal_rcc.o
HAL_RCC_GetHCLKFreq                               build/stm32f4xx_hal_rcc.o
                                                  build/stm32f4xx_hal_pcd.o
HAL_RCC_GetOscConfig                              build/stm32f4xx_hal_rcc.o
HAL_RCC_GetPCLK1Freq                              build/stm32f4xx_hal_rcc.o
                                                  build/stm32f4xx_hal_uart.o
                                                  build/stm32f4xx_hal_i2c.o
HAL_RCC_GetPCLK2Freq                              build/stm32f4xx_hal_rcc.o
                                                  build/stm32f4xx_hal_uart.o
HAL_RCC_GetSysClockFreq                           build/stm32f4xx_hal_rcc.o
HAL_RCC_MCOConfig                                 build/stm32f4xx_hal_rcc.o
HAL_RCC_NMI_IRQHandler                            build/stm32f4xx_hal_rcc.o
HAL_RCC_OscConfig                                 build/stm32f4xx_hal_rcc.o
                                                  build/main.o
HAL_ResumeTick                                    build/stm32f4xx_hal.o
HAL_SYSTICK_CLKSourceConfig                       build/stm32f4xx_hal_cortex.o
HAL_SYSTICK_Callback                              build/stm32f4xx_hal_cortex.o
HAL_SYSTICK_Config                                build/stm32f4xx_hal_cortex.o
                                                  build/stm32f4xx_hal.o
HAL_SYSTICK_IRQHandler                            build/stm32f4xx_hal_cortex.o
HAL_SetTickFreq                                   build/stm32f4xx_hal.o
HAL_SuspendTick                                   build/stm32f4xx_hal.o
HAL_UARTEx_GetRxEventType                         build/stm32f4xx_hal_uart.o
HAL_UARTEx_ReceiveToIdle                          build/stm32f4xx_hal_uart.o
HAL_UARTEx_ReceiveToIdle_DMA                      build/stm32f4xx_hal_uart.o
HAL_UARTEx_ReceiveToIdle_IT                       build/stm32f4xx_hal_uart.o
HAL_UARTEx_RxEventCallback                        build/stm32f4xx_hal_uart.o
HAL_UART_Abort                                    build/stm32f4xx_hal_uart.o
HAL_UART_AbortCpltCallback                        build/stm32f4xx_hal_uart.o
HAL_UART_AbortReceive                             build/stm32f4xx_hal_uart.o
HAL_UART_AbortReceiveCpltCallback                 build/stm32f4xx_hal_uart.o
HAL_UART_AbortReceive_IT                          build/stm32f4xx_hal_uart.o
HAL_UART_AbortTransmit                            build/stm32f4xx_hal_uart.o
HAL_UART_AbortTransmitCpltCallback                build/stm32f4xx_hal_uart.o
HAL_UART_AbortTransmit_IT                         build/stm32f4xx_hal_uart.o
HAL_UART_Abort_IT                                 build/stm32f4xx_hal_uart.o
HAL_UART_DMAPause                                 build/stm32f4xx_hal_uart.o
HAL_UART_DMAResume                                build/stm32f4xx_hal_uart.o
HAL_UART_DMAStop                                  build/stm32f4xx_hal_uart.o
HAL_UART_DeInit                                   build/stm32f4xx_hal_uart.o
HAL_UART_ErrorCallback                            build/stm32f4xx_hal_uart.o
HAL_UART_GetError                                 build/stm32f4xx_hal_uart.o
HAL_UART_GetState                                 build/stm32f4xx_hal_uart.o
HAL_UART_IRQHandler                               build/stm32f4xx_hal_uart.o
HAL_UART_Init                                     build/stm32f4xx_hal_uart.o
                                                  build/main.o
HAL_UART_MspDeInit                                build/stm32f4xx_hal_msp.o
HAL_UART_MspInit                                  build/stm32f4xx_hal_msp.o
HAL_UART_Receive                                  build/stm32f4xx_hal_uart.o
HAL_UART_Receive_DMA                              build/stm32f4xx_hal_uart.o
HAL_UART_Receive_IT                               build/stm32f4xx_hal_uart.o
HAL_UART_RxCpltCallback                           build/stm32f4xx_hal_uart.o
HAL_UART_RxHalfCpltCallback                       build/stm32f4xx_hal_uart.o
HAL_UART_Transmit                                 build/stm32f4xx_hal_uart.o
HAL_UART_Transmit_DMA                             build/stm32f4xx_hal_uart.o
HAL_UART_Transmit_IT                              build/stm32f4xx_hal_uart.o
HAL_UART_TxCpltCallback                           build/stm32f4xx_hal_uart.o
HAL_UART_TxHalfCpltCallback                       build/stm32f4xx_hal_uart.o
HASH_RNG_IRQHandler                               build/startup_stm32f405xx.o
HardFault_Handler                                 build/stm32f4xx_it.o
I2C1_ER_IRQHandler                                build/startup_stm32f405xx.o
I2C1_EV_IRQHandler                                build/startup_stm32f405xx.o
I2C2_ER_IRQHandler                                build/startup_stm32f405xx.o
I2C2_EV_IRQHandler                                build/startup_stm32f405xx.o
I2C3_ER_IRQHandler                                build/startup_stm32f405xx.o
I2C3_EV_IRQHandler                                build/startup_stm32f405xx.o
MX_USB_DEVICE_Init                                build/usb_device.o
                                                  build/main.o